[2026-05-11T19:06:08.816+0000] {manager.py:483} INFO - Processing files using up to 2 processes at a time 
[2026-05-11T19:06:08.817+0000] {manager.py:484} INFO - Process each file at most once every 30 seconds
[2026-05-11T19:06:08.817+0000] {manager.py:485} INFO - Checking for new files in /opt/airflow/dags every 300 seconds
[2026-05-11T19:06:08.817+0000] {manager.py:821} INFO - Searching for files in /opt/airflow/dags
[2026-05-11T19:06:08.840+0000] {manager.py:824} INFO - There are 1 files in /opt/airflow/dags
[2026-05-11T19:06:08.900+0000] {manager.py:997} INFO - 
================================================================================
DAG File Processing Stats

File Path                              PID  Runtime      # DAGs    # Errors  Last Runtime    Last Run      Last # of DB Queries
-----------------------------------  -----  ---------  --------  ----------  --------------  ----------  ----------------------
/opt/airflow/dags/etl_variant_06.py     49  0.02s             0           0                                                   0
================================================================================
[2026-05-11T19:06:39.121+0000] {manager.py:997} INFO - 
================================================================================
DAG File Processing Stats

File Path                            PID    Runtime      # DAGs    # Errors  Last Runtime    Last Run               Last # of DB Queries
-----------------------------------  -----  ---------  --------  ----------  --------------  -------------------  ----------------------
/opt/airflow/dags/etl_variant_06.py                           1           0  0.46s           2026-05-11T19:06:09                      45
================================================================================
[2026-05-11T19:07:09.817+0000] {manager.py:997} INFO - 
================================================================================
DAG File Processing Stats

File Path                              PID  Runtime      # DAGs    # Errors  Last Runtime    Last Run               Last # of DB Queries
-----------------------------------  -----  ---------  --------  ----------  --------------  -------------------  ----------------------
/opt/airflow/dags/etl_variant_06.py     51  0.01s             1           0  0.11s           2026-05-11T19:06:39                      12
================================================================================
[2026-05-11T19:07:40.483+0000] {manager.py:997} INFO - 
================================================================================
DAG File Processing Stats

File Path                              PID  Runtime      # DAGs    # Errors  Last Runtime    Last Run               Last # of DB Queries
-----------------------------------  -----  ---------  --------  ----------  --------------  -------------------  ----------------------
/opt/airflow/dags/etl_variant_06.py     52  0.01s             1           0  0.19s           2026-05-11T19:07:09                      12
================================================================================
[2026-05-11T19:08:10.710+0000] {manager.py:997} INFO - 
================================================================================
DAG File Processing Stats

File Path                            PID    Runtime      # DAGs    # Errors  Last Runtime    Last Run               Last # of DB Queries
-----------------------------------  -----  ---------  --------  ----------  --------------  -------------------  ----------------------
/opt/airflow/dags/etl_variant_06.py                           1           0  0.78s           2026-05-11T19:07:41                      12
================================================================================
[2026-05-11T19:08:40.763+0000] {manager.py:997} INFO - 
================================================================================
DAG File Processing Stats

File Path                            PID    Runtime      # DAGs    # Errors  Last Runtime    Last Run               Last # of DB Queries
-----------------------------------  -----  ---------  --------  ----------  --------------  -------------------  ----------------------
/opt/airflow/dags/etl_variant_06.py                           1           0  0.10s           2026-05-11T19:08:11                      12
================================================================================
[2026-05-11T19:09:11.054+0000] {manager.py:997} INFO - 
================================================================================
DAG File Processing Stats

File Path                            PID    Runtime      # DAGs    # Errors  Last Runtime    Last Run               Last # of DB Queries
-----------------------------------  -----  ---------  --------  ----------  --------------  -------------------  ----------------------
/opt/airflow/dags/etl_variant_06.py                           1           0  0.10s           2026-05-11T19:08:41                      12
================================================================================
[2026-05-11T19:09:41.423+0000] {manager.py:997} INFO - 
================================================================================
DAG File Processing Stats

File Path                            PID    Runtime      # DAGs    # Errors  Last Runtime    Last Run               Last # of DB Queries
-----------------------------------  -----  ---------  --------  ----------  --------------  -------------------  ----------------------
/opt/airflow/dags/etl_variant_06.py                           1           0  0.12s           2026-05-11T19:09:12                      12
================================================================================
[2026-05-11T19:10:11.711+0000] {manager.py:997} INFO - 
================================================================================
DAG File Processing Stats

File Path                            PID    Runtime      # DAGs    # Errors  Last Runtime    Last Run               Last # of DB Queries
-----------------------------------  -----  ---------  --------  ----------  --------------  -------------------  ----------------------
/opt/airflow/dags/etl_variant_06.py                           1           0  0.13s           2026-05-11T19:09:42                      12
================================================================================
[2026-05-11T19:10:42.114+0000] {manager.py:997} INFO - 
================================================================================
DAG File Processing Stats

File Path                            PID    Runtime      # DAGs    # Errors  Last Runtime    Last Run               Last # of DB Queries
-----------------------------------  -----  ---------  --------  ----------  --------------  -------------------  ----------------------
/opt/airflow/dags/etl_variant_06.py                           1           0  0.13s           2026-05-11T19:10:12                      12
================================================================================
[2026-05-11T19:11:09.373+0000] {manager.py:821} INFO - Searching for files in /opt/airflow/dags
[2026-05-11T19:11:09.390+0000] {manager.py:824} INFO - There are 1 files in /opt/airflow/dags
[2026-05-11T19:11:12.424+0000] {manager.py:997} INFO - 
================================================================================
DAG File Processing Stats

File Path                            PID    Runtime      # DAGs    # Errors  Last Runtime    Last Run               Last # of DB Queries
-----------------------------------  -----  ---------  --------  ----------  --------------  -------------------  ----------------------
/opt/airflow/dags/etl_variant_06.py                           1           0  0.10s           2026-05-11T19:10:43                      12
================================================================================
[2026-05-11T19:11:42.739+0000] {manager.py:997} INFO - 
================================================================================
DAG File Processing Stats

File Path                            PID    Runtime      # DAGs    # Errors  Last Runtime    Last Run               Last # of DB Queries
-----------------------------------  -----  ---------  --------  ----------  --------------  -------------------  ----------------------
/opt/airflow/dags/etl_variant_06.py                           1           0  0.11s           2026-05-11T19:11:13                      12
================================================================================
[2026-05-11T19:12:13.027+0000] {manager.py:997} INFO - 
================================================================================
DAG File Processing Stats

File Path                            PID    Runtime      # DAGs    # Errors  Last Runtime    Last Run               Last # of DB Queries
-----------------------------------  -----  ---------  --------  ----------  --------------  -------------------  ----------------------
/opt/airflow/dags/etl_variant_06.py                           1           0  0.10s           2026-05-11T19:11:43                      12
================================================================================
[2026-05-11T19:12:43.352+0000] {manager.py:997} INFO - 
================================================================================
DAG File Processing Stats

File Path                            PID    Runtime      # DAGs    # Errors  Last Runtime    Last Run               Last # of DB Queries
-----------------------------------  -----  ---------  --------  ----------  --------------  -------------------  ----------------------
/opt/airflow/dags/etl_variant_06.py                           1           0  0.10s           2026-05-11T19:12:14                      12
================================================================================
[2026-05-11T19:13:13.640+0000] {manager.py:997} INFO - 
================================================================================
DAG File Processing Stats

File Path                            PID    Runtime      # DAGs    # Errors  Last Runtime    Last Run               Last # of DB Queries
-----------------------------------  -----  ---------  --------  ----------  --------------  -------------------  ----------------------
/opt/airflow/dags/etl_variant_06.py                           1           0  0.11s           2026-05-11T19:12:44                      12
================================================================================
[2026-05-11T19:13:43.987+0000] {manager.py:997} INFO - 
================================================================================
DAG File Processing Stats

File Path                            PID    Runtime      # DAGs    # Errors  Last Runtime    Last Run               Last # of DB Queries
-----------------------------------  -----  ---------  --------  ----------  --------------  -------------------  ----------------------
/opt/airflow/dags/etl_variant_06.py                           1           0  0.10s           2026-05-11T19:13:14                      12
================================================================================
[2026-05-11T19:14:14.380+0000] {manager.py:997} INFO - 
================================================================================
DAG File Processing Stats

File Path                            PID    Runtime      # DAGs    # Errors  Last Runtime    Last Run               Last # of DB Queries
-----------------------------------  -----  ---------  --------  ----------  --------------  -------------------  ----------------------
/opt/airflow/dags/etl_variant_06.py                           1           0  0.10s           2026-05-11T19:13:45                      12
================================================================================
[2026-05-11T19:14:44.705+0000] {manager.py:997} INFO - 
================================================================================
DAG File Processing Stats

File Path                            PID    Runtime      # DAGs    # Errors  Last Runtime    Last Run               Last # of DB Queries
-----------------------------------  -----  ---------  --------  ----------  --------------  -------------------  ----------------------
/opt/airflow/dags/etl_variant_06.py                           1           0  0.10s           2026-05-11T19:14:15                      12
================================================================================
[2026-05-11T19:15:15.098+0000] {manager.py:997} INFO - 
================================================================================
DAG File Processing Stats

File Path                            PID    Runtime      # DAGs    # Errors  Last Runtime    Last Run               Last # of DB Queries
-----------------------------------  -----  ---------  --------  ----------  --------------  -------------------  ----------------------
/opt/airflow/dags/etl_variant_06.py                           1           0  0.11s           2026-05-11T19:14:45                      12
================================================================================
[2026-05-11T19:15:45.432+0000] {manager.py:997} INFO - 
================================================================================
DAG File Processing Stats

File Path                            PID    Runtime      # DAGs    # Errors  Last Runtime    Last Run               Last # of DB Queries
-----------------------------------  -----  ---------  --------  ----------  --------------  -------------------  ----------------------
/opt/airflow/dags/etl_variant_06.py                           1           0  0.09s           2026-05-11T19:15:16                      12
================================================================================
[2026-05-11T19:16:09.765+0000] {manager.py:821} INFO - Searching for files in /opt/airflow/dags
[2026-05-11T19:16:09.781+0000] {manager.py:824} INFO - There are 1 files in /opt/airflow/dags
[2026-05-11T19:16:15.847+0000] {manager.py:997} INFO - 
================================================================================
DAG File Processing Stats

File Path                            PID    Runtime      # DAGs    # Errors  Last Runtime    Last Run               Last # of DB Queries
-----------------------------------  -----  ---------  --------  ----------  --------------  -------------------  ----------------------
/opt/airflow/dags/etl_variant_06.py                           1           0  0.09s           2026-05-11T19:15:46                      12
================================================================================
[2026-05-11T19:16:46.237+0000] {manager.py:997} INFO - 
================================================================================
DAG File Processing Stats

File Path                            PID    Runtime      # DAGs    # Errors  Last Runtime    Last Run               Last # of DB Queries
-----------------------------------  -----  ---------  --------  ----------  --------------  -------------------  ----------------------
/opt/airflow/dags/etl_variant_06.py                           1           0  0.09s           2026-05-11T19:16:16                      12
================================================================================
[2026-05-11T19:17:16.603+0000] {manager.py:997} INFO - 
================================================================================
DAG File Processing Stats

File Path                            PID    Runtime      # DAGs    # Errors  Last Runtime    Last Run               Last # of DB Queries
-----------------------------------  -----  ---------  --------  ----------  --------------  -------------------  ----------------------
/opt/airflow/dags/etl_variant_06.py                           1           0  0.12s           2026-05-11T19:16:47                      12
================================================================================
[2026-05-11T19:17:46.881+0000] {manager.py:997} INFO - 
================================================================================
DAG File Processing Stats

File Path                            PID    Runtime      # DAGs    # Errors  Last Runtime    Last Run               Last # of DB Queries
-----------------------------------  -----  ---------  --------  ----------  --------------  -------------------  ----------------------
/opt/airflow/dags/etl_variant_06.py                           1           0  0.09s           2026-05-11T19:17:17                      12
================================================================================
[2026-05-11T19:18:17.163+0000] {manager.py:997} INFO - 
================================================================================
DAG File Processing Stats

File Path                            PID    Runtime      # DAGs    # Errors  Last Runtime    Last Run               Last # of DB Queries
-----------------------------------  -----  ---------  --------  ----------  --------------  -------------------  ----------------------
/opt/airflow/dags/etl_variant_06.py                           1           0  0.09s           2026-05-11T19:17:47                      12
================================================================================
[2026-05-11T19:18:47.514+0000] {manager.py:997} INFO - 
================================================================================
DAG File Processing Stats

File Path                            PID    Runtime      # DAGs    # Errors  Last Runtime    Last Run               Last # of DB Queries
-----------------------------------  -----  ---------  --------  ----------  --------------  -------------------  ----------------------
/opt/airflow/dags/etl_variant_06.py                           1           0  0.10s           2026-05-11T19:18:18                      12
================================================================================
[2026-05-11T19:19:17.821+0000] {manager.py:997} INFO - 
================================================================================
DAG File Processing Stats

File Path                            PID    Runtime      # DAGs    # Errors  Last Runtime    Last Run               Last # of DB Queries
-----------------------------------  -----  ---------  --------  ----------  --------------  -------------------  ----------------------
/opt/airflow/dags/etl_variant_06.py                           1           0  0.09s           2026-05-11T19:18:48                      12
================================================================================
[2026-05-11T19:19:48.215+0000] {manager.py:997} INFO - 
================================================================================
DAG File Processing Stats

File Path                            PID    Runtime      # DAGs    # Errors  Last Runtime    Last Run               Last # of DB Queries
-----------------------------------  -----  ---------  --------  ----------  --------------  -------------------  ----------------------
/opt/airflow/dags/etl_variant_06.py                           1           0  0.10s           2026-05-11T19:19:18                      12
================================================================================
[2026-05-11T19:20:18.548+0000] {manager.py:997} INFO - 
================================================================================
DAG File Processing Stats

File Path                            PID    Runtime      # DAGs    # Errors  Last Runtime    Last Run               Last # of DB Queries
-----------------------------------  -----  ---------  --------  ----------  --------------  -------------------  ----------------------
/opt/airflow/dags/etl_variant_06.py                           1           0  0.09s           2026-05-11T19:19:49                      12
================================================================================
[2026-05-11T19:20:48.661+0000] {manager.py:997} INFO - 
================================================================================
DAG File Processing Stats

File Path                            PID    Runtime      # DAGs    # Errors  Last Runtime    Last Run               Last # of DB Queries
-----------------------------------  -----  ---------  --------  ----------  --------------  -------------------  ----------------------
/opt/airflow/dags/etl_variant_06.py                           1           0  0.10s           2026-05-11T19:20:19                      12
================================================================================
[2026-05-11T19:21:09.896+0000] {manager.py:821} INFO - Searching for files in /opt/airflow/dags
[2026-05-11T19:21:09.906+0000] {manager.py:824} INFO - There are 1 files in /opt/airflow/dags
[2026-05-11T19:21:18.976+0000] {manager.py:997} INFO - 
================================================================================
DAG File Processing Stats

File Path                            PID    Runtime      # DAGs    # Errors  Last Runtime    Last Run               Last # of DB Queries
-----------------------------------  -----  ---------  --------  ----------  --------------  -------------------  ----------------------
/opt/airflow/dags/etl_variant_06.py                           1           0  0.10s           2026-05-11T19:20:49                      12
================================================================================
[2026-05-11T19:21:49.323+0000] {manager.py:997} INFO - 
================================================================================
DAG File Processing Stats

File Path                            PID    Runtime      # DAGs    # Errors  Last Runtime    Last Run               Last # of DB Queries
-----------------------------------  -----  ---------  --------  ----------  --------------  -------------------  ----------------------
/opt/airflow/dags/etl_variant_06.py                           1           0  0.10s           2026-05-11T19:21:20                      12
================================================================================
[2026-05-11T19:22:19.645+0000] {manager.py:997} INFO - 
================================================================================
DAG File Processing Stats

File Path                            PID    Runtime      # DAGs    # Errors  Last Runtime    Last Run               Last # of DB Queries
-----------------------------------  -----  ---------  --------  ----------  --------------  -------------------  ----------------------
/opt/airflow/dags/etl_variant_06.py                           1           0  0.11s           2026-05-11T19:21:50                      12
================================================================================
[2026-05-11T19:22:49.976+0000] {manager.py:997} INFO - 
================================================================================
DAG File Processing Stats

File Path                            PID    Runtime      # DAGs    # Errors  Last Runtime    Last Run               Last # of DB Queries
-----------------------------------  -----  ---------  --------  ----------  --------------  -------------------  ----------------------
/opt/airflow/dags/etl_variant_06.py                           1           0  0.10s           2026-05-11T19:22:20                      12
================================================================================
[2026-05-11T19:23:20.382+0000] {manager.py:997} INFO - 
================================================================================
DAG File Processing Stats

File Path                            PID    Runtime      # DAGs    # Errors  Last Runtime    Last Run               Last # of DB Queries
-----------------------------------  -----  ---------  --------  ----------  --------------  -------------------  ----------------------
/opt/airflow/dags/etl_variant_06.py                           1           0  0.10s           2026-05-11T19:22:51                      12
================================================================================
[2026-05-11T19:23:50.696+0000] {manager.py:997} INFO - 
================================================================================
DAG File Processing Stats

File Path                            PID    Runtime      # DAGs    # Errors  Last Runtime    Last Run               Last # of DB Queries
-----------------------------------  -----  ---------  --------  ----------  --------------  -------------------  ----------------------
/opt/airflow/dags/etl_variant_06.py                           1           0  0.10s           2026-05-11T19:23:21                      12
================================================================================
[2026-05-11T19:24:21.083+0000] {manager.py:997} INFO - 
================================================================================
DAG File Processing Stats

File Path                            PID    Runtime      # DAGs    # Errors  Last Runtime    Last Run               Last # of DB Queries
-----------------------------------  -----  ---------  --------  ----------  --------------  -------------------  ----------------------
/opt/airflow/dags/etl_variant_06.py                           1           0  0.10s           2026-05-11T19:23:51                      12
================================================================================
[2026-05-11T19:24:51.443+0000] {manager.py:997} INFO - 
================================================================================
DAG File Processing Stats

File Path                            PID    Runtime      # DAGs    # Errors  Last Runtime    Last Run               Last # of DB Queries
-----------------------------------  -----  ---------  --------  ----------  --------------  -------------------  ----------------------
/opt/airflow/dags/etl_variant_06.py                           1           0  0.10s           2026-05-11T19:24:22                      12
================================================================================
[2026-05-11T19:25:21.828+0000] {manager.py:997} INFO - 
================================================================================
DAG File Processing Stats

File Path                            PID    Runtime      # DAGs    # Errors  Last Runtime    Last Run               Last # of DB Queries
-----------------------------------  -----  ---------  --------  ----------  --------------  -------------------  ----------------------
/opt/airflow/dags/etl_variant_06.py                           1           0  0.10s           2026-05-11T19:24:52                      12
================================================================================
[2026-05-11T19:25:52.069+0000] {manager.py:997} INFO - 
================================================================================
DAG File Processing Stats

File Path                            PID    Runtime      # DAGs    # Errors  Last Runtime    Last Run               Last # of DB Queries
-----------------------------------  -----  ---------  --------  ----------  --------------  -------------------  ----------------------
/opt/airflow/dags/etl_variant_06.py                           1           0  0.09s           2026-05-11T19:25:22                      12
================================================================================
[2026-05-11T19:26:10.380+0000] {manager.py:821} INFO - Searching for files in /opt/airflow/dags
[2026-05-11T19:26:10.393+0000] {manager.py:824} INFO - There are 1 files in /opt/airflow/dags
[2026-05-11T19:26:22.486+0000] {manager.py:997} INFO - 
================================================================================
DAG File Processing Stats

File Path                            PID    Runtime      # DAGs    # Errors  Last Runtime    Last Run               Last # of DB Queries
-----------------------------------  -----  ---------  --------  ----------  --------------  -------------------  ----------------------
/opt/airflow/dags/etl_variant_06.py                           1           0  0.10s           2026-05-11T19:25:53                      12
================================================================================
[2026-05-11T19:26:52.813+0000] {manager.py:997} INFO - 
================================================================================
DAG File Processing Stats

File Path                            PID    Runtime      # DAGs    # Errors  Last Runtime    Last Run               Last # of DB Queries
-----------------------------------  -----  ---------  --------  ----------  --------------  -------------------  ----------------------
/opt/airflow/dags/etl_variant_06.py                           1           0  0.10s           2026-05-11T19:26:23                      12
================================================================================
[2026-05-11T19:27:23.163+0000] {manager.py:997} INFO - 
================================================================================
DAG File Processing Stats

File Path                            PID    Runtime      # DAGs    # Errors  Last Runtime    Last Run               Last # of DB Queries
-----------------------------------  -----  ---------  --------  ----------  --------------  -------------------  ----------------------
/opt/airflow/dags/etl_variant_06.py                           1           0  0.10s           2026-05-11T19:26:53                      12
================================================================================
[2026-05-11T19:27:53.463+0000] {manager.py:997} INFO - 
================================================================================
DAG File Processing Stats

File Path                            PID    Runtime      # DAGs    # Errors  Last Runtime    Last Run               Last # of DB Queries
-----------------------------------  -----  ---------  --------  ----------  --------------  -------------------  ----------------------
/opt/airflow/dags/etl_variant_06.py                           1           0  0.10s           2026-05-11T19:27:24                      12
================================================================================
[2026-05-11T19:28:23.828+0000] {manager.py:997} INFO - 
================================================================================
DAG File Processing Stats

File Path                            PID    Runtime      # DAGs    # Errors  Last Runtime    Last Run               Last # of DB Queries
-----------------------------------  -----  ---------  --------  ----------  --------------  -------------------  ----------------------
/opt/airflow/dags/etl_variant_06.py                           1           0  0.12s           2026-05-11T19:27:54                      12
================================================================================
[2026-05-11T19:28:54.258+0000] {manager.py:997} INFO - 
================================================================================
DAG File Processing Stats

File Path                            PID    Runtime      # DAGs    # Errors  Last Runtime    Last Run               Last # of DB Queries
-----------------------------------  -----  ---------  --------  ----------  --------------  -------------------  ----------------------
/opt/airflow/dags/etl_variant_06.py                           1           0  0.12s           2026-05-11T19:28:24                      12
================================================================================
[2026-05-11T19:29:24.581+0000] {manager.py:997} INFO - 
================================================================================
DAG File Processing Stats

File Path                            PID    Runtime      # DAGs    # Errors  Last Runtime    Last Run               Last # of DB Queries
-----------------------------------  -----  ---------  --------  ----------  --------------  -------------------  ----------------------
/opt/airflow/dags/etl_variant_06.py                           1           0  0.09s           2026-05-11T19:28:55                      12
================================================================================
[2026-05-11T19:29:55.037+0000] {manager.py:997} INFO - 
================================================================================
DAG File Processing Stats

File Path                            PID    Runtime      # DAGs    # Errors  Last Runtime    Last Run               Last # of DB Queries
-----------------------------------  -----  ---------  --------  ----------  --------------  -------------------  ----------------------
/opt/airflow/dags/etl_variant_06.py                           1           0  0.09s           2026-05-11T19:29:25                      12
================================================================================
[2026-05-11T19:30:25.382+0000] {manager.py:997} INFO - 
================================================================================
DAG File Processing Stats

File Path                            PID    Runtime      # DAGs    # Errors  Last Runtime    Last Run               Last # of DB Queries
-----------------------------------  -----  ---------  --------  ----------  --------------  -------------------  ----------------------
/opt/airflow/dags/etl_variant_06.py                           1           0  0.09s           2026-05-11T19:29:56                      12
================================================================================
[2026-05-11T19:30:55.870+0000] {manager.py:997} INFO - 
================================================================================
DAG File Processing Stats

File Path                            PID    Runtime      # DAGs    # Errors  Last Runtime    Last Run               Last # of DB Queries
-----------------------------------  -----  ---------  --------  ----------  --------------  -------------------  ----------------------
/opt/airflow/dags/etl_variant_06.py                           1           0  0.38s           2026-05-11T19:30:26                      12
================================================================================
[2026-05-11T19:31:10.435+0000] {manager.py:821} INFO - Searching for files in /opt/airflow/dags
[2026-05-11T19:31:10.463+0000] {manager.py:824} INFO - There are 1 files in /opt/airflow/dags
[2026-05-11T19:31:26.439+0000] {manager.py:997} INFO - 
================================================================================
DAG File Processing Stats

File Path                            PID    Runtime      # DAGs    # Errors  Last Runtime    Last Run               Last # of DB Queries
-----------------------------------  -----  ---------  --------  ----------  --------------  -------------------  ----------------------
/opt/airflow/dags/etl_variant_06.py                           1           0  0.35s           2026-05-11T19:30:57                      12
================================================================================
[2026-05-11T19:31:56.859+0000] {manager.py:997} INFO - 
================================================================================
DAG File Processing Stats

File Path                            PID    Runtime      # DAGs    # Errors  Last Runtime    Last Run               Last # of DB Queries
-----------------------------------  -----  ---------  --------  ----------  --------------  -------------------  ----------------------
/opt/airflow/dags/etl_variant_06.py                           1           0  0.16s           2026-05-11T19:31:27                      12
================================================================================
[2026-05-11T19:32:27.193+0000] {manager.py:997} INFO - 
================================================================================
DAG File Processing Stats

File Path                            PID    Runtime      # DAGs    # Errors  Last Runtime    Last Run               Last # of DB Queries
-----------------------------------  -----  ---------  --------  ----------  --------------  -------------------  ----------------------
/opt/airflow/dags/etl_variant_06.py                           1           0  0.14s           2026-05-11T19:31:58                      12
================================================================================
[2026-05-11T19:32:57.626+0000] {manager.py:997} INFO - 
================================================================================
DAG File Processing Stats

File Path                            PID    Runtime      # DAGs    # Errors  Last Runtime    Last Run               Last # of DB Queries
-----------------------------------  -----  ---------  --------  ----------  --------------  -------------------  ----------------------
/opt/airflow/dags/etl_variant_06.py                           1           0  0.11s           2026-05-11T19:32:28                      12
================================================================================
[2026-05-11T19:33:27.984+0000] {manager.py:997} INFO - 
================================================================================
DAG File Processing Stats

File Path                            PID    Runtime      # DAGs    # Errors  Last Runtime    Last Run               Last # of DB Queries
-----------------------------------  -----  ---------  --------  ----------  --------------  -------------------  ----------------------
/opt/airflow/dags/etl_variant_06.py                           1           0  0.11s           2026-05-11T19:32:58                      12
================================================================================
[2026-05-11T19:33:58.375+0000] {manager.py:997} INFO - 
================================================================================
DAG File Processing Stats

File Path                            PID    Runtime      # DAGs    # Errors  Last Runtime    Last Run               Last # of DB Queries
-----------------------------------  -----  ---------  --------  ----------  --------------  -------------------  ----------------------
/opt/airflow/dags/etl_variant_06.py                           1           0  0.10s           2026-05-11T19:33:29                      12
================================================================================
[2026-05-11T19:34:28.745+0000] {manager.py:997} INFO - 
================================================================================
DAG File Processing Stats

File Path                            PID    Runtime      # DAGs    # Errors  Last Runtime    Last Run               Last # of DB Queries
-----------------------------------  -----  ---------  --------  ----------  --------------  -------------------  ----------------------
/opt/airflow/dags/etl_variant_06.py                           1           0  0.11s           2026-05-11T19:33:59                      12
================================================================================
[2026-05-11T19:34:59.102+0000] {manager.py:997} INFO - 
================================================================================
DAG File Processing Stats

File Path                            PID    Runtime      # DAGs    # Errors  Last Runtime    Last Run               Last # of DB Queries
-----------------------------------  -----  ---------  --------  ----------  --------------  -------------------  ----------------------
/opt/airflow/dags/etl_variant_06.py                           1           0  0.14s           2026-05-11T19:34:29                      12
================================================================================
[2026-05-11T19:35:29.455+0000] {manager.py:997} INFO - 
================================================================================
DAG File Processing Stats

File Path                            PID    Runtime      # DAGs    # Errors  Last Runtime    Last Run               Last # of DB Queries
-----------------------------------  -----  ---------  --------  ----------  --------------  -------------------  ----------------------
/opt/airflow/dags/etl_variant_06.py                           1           0  0.11s           2026-05-11T19:35:00                      12
================================================================================
[2026-05-11T19:35:59.761+0000] {manager.py:997} INFO - 
================================================================================
DAG File Processing Stats

File Path                            PID    Runtime      # DAGs    # Errors  Last Runtime    Last Run               Last # of DB Queries
-----------------------------------  -----  ---------  --------  ----------  --------------  -------------------  ----------------------
/opt/airflow/dags/etl_variant_06.py                           1           0  0.10s           2026-05-11T19:35:30                      12
================================================================================
[2026-05-11T19:36:11.050+0000] {manager.py:821} INFO - Searching for files in /opt/airflow/dags
[2026-05-11T19:36:11.065+0000] {manager.py:824} INFO - There are 1 files in /opt/airflow/dags
[2026-05-11T19:36:30.225+0000] {manager.py:997} INFO - 
================================================================================
DAG File Processing Stats

File Path                            PID    Runtime      # DAGs    # Errors  Last Runtime    Last Run               Last # of DB Queries
-----------------------------------  -----  ---------  --------  ----------  --------------  -------------------  ----------------------
/opt/airflow/dags/etl_variant_06.py                           1           0  0.16s           2026-05-11T19:36:00                      12
================================================================================
[2026-05-11T19:37:00.627+0000] {manager.py:997} INFO - 
================================================================================
DAG File Processing Stats

File Path                            PID    Runtime      # DAGs    # Errors  Last Runtime    Last Run               Last # of DB Queries
-----------------------------------  -----  ---------  --------  ----------  --------------  -------------------  ----------------------
/opt/airflow/dags/etl_variant_06.py                           1           0  0.15s           2026-05-11T19:36:31                      12
================================================================================
[2026-05-11T19:37:31.040+0000] {manager.py:997} INFO - 
================================================================================
DAG File Processing Stats

File Path                            PID    Runtime      # DAGs    # Errors  Last Runtime    Last Run               Last # of DB Queries
-----------------------------------  -----  ---------  --------  ----------  --------------  -------------------  ----------------------
/opt/airflow/dags/etl_variant_06.py                           1           0  0.11s           2026-05-11T19:37:01                      12
================================================================================
[2026-05-11T19:38:01.389+0000] {manager.py:997} INFO - 
================================================================================
DAG File Processing Stats

File Path                            PID    Runtime      # DAGs    # Errors  Last Runtime    Last Run               Last # of DB Queries
-----------------------------------  -----  ---------  --------  ----------  --------------  -------------------  ----------------------
/opt/airflow/dags/etl_variant_06.py                           1           0  0.20s           2026-05-11T19:37:32                      12
================================================================================
[2026-05-11T19:38:31.702+0000] {manager.py:997} INFO - 
================================================================================
DAG File Processing Stats

File Path                            PID    Runtime      # DAGs    # Errors  Last Runtime    Last Run               Last # of DB Queries
-----------------------------------  -----  ---------  --------  ----------  --------------  -------------------  ----------------------
/opt/airflow/dags/etl_variant_06.py                           1           0  0.11s           2026-05-11T19:38:02                      12
================================================================================
[2026-05-11T19:39:02.132+0000] {manager.py:997} INFO - 
================================================================================
DAG File Processing Stats

File Path                            PID    Runtime      # DAGs    # Errors  Last Runtime    Last Run               Last # of DB Queries
-----------------------------------  -----  ---------  --------  ----------  --------------  -------------------  ----------------------
/opt/airflow/dags/etl_variant_06.py                           1           0  0.12s           2026-05-11T19:38:32                      12
================================================================================
[2026-05-11T19:39:32.515+0000] {manager.py:997} INFO - 
================================================================================
DAG File Processing Stats

File Path                            PID    Runtime      # DAGs    # Errors  Last Runtime    Last Run               Last # of DB Queries
-----------------------------------  -----  ---------  --------  ----------  --------------  -------------------  ----------------------
/opt/airflow/dags/etl_variant_06.py                           1           0  0.13s           2026-05-11T19:39:03                      12
================================================================================
[2026-05-11T19:40:02.884+0000] {manager.py:997} INFO - 
================================================================================
DAG File Processing Stats

File Path                            PID    Runtime      # DAGs    # Errors  Last Runtime    Last Run               Last # of DB Queries
-----------------------------------  -----  ---------  --------  ----------  --------------  -------------------  ----------------------
/opt/airflow/dags/etl_variant_06.py                           1           0  0.16s           2026-05-11T19:39:33                      12
================================================================================
[2026-05-11T19:40:33.216+0000] {manager.py:997} INFO - 
================================================================================
DAG File Processing Stats

File Path                            PID    Runtime      # DAGs    # Errors  Last Runtime    Last Run               Last # of DB Queries
-----------------------------------  -----  ---------  --------  ----------  --------------  -------------------  ----------------------
/opt/airflow/dags/etl_variant_06.py                           1           0  0.16s           2026-05-11T19:40:04                      12
================================================================================
[2026-05-11T19:41:03.599+0000] {manager.py:997} INFO - 
================================================================================
DAG File Processing Stats

File Path                            PID    Runtime      # DAGs    # Errors  Last Runtime    Last Run               Last # of DB Queries
-----------------------------------  -----  ---------  --------  ----------  --------------  -------------------  ----------------------
/opt/airflow/dags/etl_variant_06.py                           1           0  0.12s           2026-05-11T19:40:34                      12
================================================================================
[2026-05-11T19:41:11.675+0000] {manager.py:821} INFO - Searching for files in /opt/airflow/dags
[2026-05-11T19:41:11.690+0000] {manager.py:824} INFO - There are 1 files in /opt/airflow/dags
[2026-05-11T19:41:33.947+0000] {manager.py:997} INFO - 
================================================================================
DAG File Processing Stats

File Path                            PID    Runtime      # DAGs    # Errors  Last Runtime    Last Run               Last # of DB Queries
-----------------------------------  -----  ---------  --------  ----------  --------------  -------------------  ----------------------
/opt/airflow/dags/etl_variant_06.py                           1           0  0.11s           2026-05-11T19:41:04                      12
================================================================================
[2026-05-11T19:42:04.282+0000] {manager.py:997} INFO - 
================================================================================
DAG File Processing Stats

File Path                            PID    Runtime      # DAGs    # Errors  Last Runtime    Last Run               Last # of DB Queries
-----------------------------------  -----  ---------  --------  ----------  --------------  -------------------  ----------------------
/opt/airflow/dags/etl_variant_06.py                           1           0  0.13s           2026-05-11T19:41:35                      12
================================================================================
[2026-05-11T19:42:34.697+0000] {manager.py:997} INFO - 
================================================================================
DAG File Processing Stats

File Path                            PID    Runtime      # DAGs    # Errors  Last Runtime    Last Run               Last # of DB Queries
-----------------------------------  -----  ---------  --------  ----------  --------------  -------------------  ----------------------
/opt/airflow/dags/etl_variant_06.py                           1           0  0.21s           2026-05-11T19:42:05                      12
================================================================================
[2026-05-11T19:43:05.056+0000] {manager.py:997} INFO - 
================================================================================
DAG File Processing Stats

File Path                            PID    Runtime      # DAGs    # Errors  Last Runtime    Last Run               Last # of DB Queries
-----------------------------------  -----  ---------  --------  ----------  --------------  -------------------  ----------------------
/opt/airflow/dags/etl_variant_06.py                           1           0  0.14s           2026-05-11T19:42:35                      12
================================================================================
[2026-05-11T19:43:35.431+0000] {manager.py:997} INFO - 
================================================================================
DAG File Processing Stats

File Path                            PID    Runtime      # DAGs    # Errors  Last Runtime    Last Run               Last # of DB Queries
-----------------------------------  -----  ---------  --------  ----------  --------------  -------------------  ----------------------
/opt/airflow/dags/etl_variant_06.py                           1           0  0.13s           2026-05-11T19:43:06                      12
================================================================================
[2026-05-11T19:44:05.756+0000] {manager.py:997} INFO - 
================================================================================
DAG File Processing Stats

File Path                            PID    Runtime      # DAGs    # Errors  Last Runtime    Last Run               Last # of DB Queries
-----------------------------------  -----  ---------  --------  ----------  --------------  -------------------  ----------------------
/opt/airflow/dags/etl_variant_06.py                           1           0  0.14s           2026-05-11T19:43:36                      12
================================================================================
[2026-05-11T19:44:36.109+0000] {manager.py:997} INFO - 
================================================================================
DAG File Processing Stats

File Path                            PID    Runtime      # DAGs    # Errors  Last Runtime    Last Run               Last # of DB Queries
-----------------------------------  -----  ---------  --------  ----------  --------------  -------------------  ----------------------
/opt/airflow/dags/etl_variant_06.py                           1           0  0.12s           2026-05-11T19:44:06                      12
================================================================================
[2026-05-11T19:45:06.465+0000] {manager.py:997} INFO - 
================================================================================
DAG File Processing Stats

File Path                            PID    Runtime      # DAGs    # Errors  Last Runtime    Last Run               Last # of DB Queries
-----------------------------------  -----  ---------  --------  ----------  --------------  -------------------  ----------------------
/opt/airflow/dags/etl_variant_06.py                           1           0  0.13s           2026-05-11T19:44:37                      12
================================================================================
[2026-05-11T19:45:36.755+0000] {manager.py:997} INFO - 
================================================================================
DAG File Processing Stats

File Path                            PID    Runtime      # DAGs    # Errors  Last Runtime    Last Run               Last # of DB Queries
-----------------------------------  -----  ---------  --------  ----------  --------------  -------------------  ----------------------
/opt/airflow/dags/etl_variant_06.py                           1           0  0.10s           2026-05-11T19:45:07                      12
================================================================================
[2026-05-11T19:46:07.130+0000] {manager.py:997} INFO - 
================================================================================
DAG File Processing Stats

File Path                            PID    Runtime      # DAGs    # Errors  Last Runtime    Last Run               Last # of DB Queries
-----------------------------------  -----  ---------  --------  ----------  --------------  -------------------  ----------------------
/opt/airflow/dags/etl_variant_06.py                           1           0  0.12s           2026-05-11T19:45:37                      12
================================================================================
