[2026-05-11T19:06:08.911+0000] {processor.py:186} INFO - Started process (PID=49) to work on /opt/airflow/dags/etl_variant_06.py
[2026-05-11T19:06:08.912+0000] {processor.py:914} INFO - Processing file /opt/airflow/dags/etl_variant_06.py for tasks to queue
[2026-05-11T19:06:08.913+0000] {logging_mixin.py:190} INFO - [2026-05-11T19:06:08.913+0000] {dagbag.py:588} INFO - Filling up the DagBag from /opt/airflow/dags/etl_variant_06.py
[2026-05-11T19:06:08.992+0000] {processor.py:925} INFO - DAG(s) 'etl_variant_06' retrieved from /opt/airflow/dags/etl_variant_06.py
[2026-05-11T19:06:09.223+0000] {logging_mixin.py:190} INFO - [2026-05-11T19:06:09.222+0000] {override.py:1912} INFO - Created Permission View: can delete on DAG:etl_variant_06
[2026-05-11T19:06:09.237+0000] {logging_mixin.py:190} INFO - [2026-05-11T19:06:09.236+0000] {override.py:1912} INFO - Created Permission View: can read on DAG:etl_variant_06
[2026-05-11T19:06:09.245+0000] {logging_mixin.py:190} INFO - [2026-05-11T19:06:09.245+0000] {override.py:1912} INFO - Created Permission View: can edit on DAG:etl_variant_06
[2026-05-11T19:06:09.256+0000] {logging_mixin.py:190} INFO - [2026-05-11T19:06:09.255+0000] {override.py:1912} INFO - Created Permission View: can create on DAG Run:etl_variant_06
[2026-05-11T19:06:09.265+0000] {logging_mixin.py:190} INFO - [2026-05-11T19:06:09.264+0000] {override.py:1912} INFO - Created Permission View: can delete on DAG Run:etl_variant_06
[2026-05-11T19:06:09.273+0000] {logging_mixin.py:190} INFO - [2026-05-11T19:06:09.272+0000] {override.py:1912} INFO - Created Permission View: can read on DAG Run:etl_variant_06
[2026-05-11T19:06:09.282+0000] {logging_mixin.py:190} INFO - [2026-05-11T19:06:09.281+0000] {override.py:1912} INFO - Created Permission View: menu access on DAG Run:etl_variant_06
[2026-05-11T19:06:09.284+0000] {logging_mixin.py:190} INFO - [2026-05-11T19:06:09.284+0000] {dag.py:3239} INFO - Sync 1 DAGs
[2026-05-11T19:06:09.300+0000] {logging_mixin.py:190} INFO - [2026-05-11T19:06:09.300+0000] {dag.py:3262} INFO - Creating ORM DAG for etl_variant_06
[2026-05-11T19:06:09.314+0000] {logging_mixin.py:190} INFO - [2026-05-11T19:06:09.314+0000] {dag.py:4180} INFO - Setting next_dagrun for etl_variant_06 to 2026-05-11 19:00:00+00:00, run_after=2026-05-11 19:05:00+00:00
[2026-05-11T19:06:09.334+0000] {processor.py:208} INFO - Processing /opt/airflow/dags/etl_variant_06.py took 0.429 seconds
[2026-05-11T19:06:39.579+0000] {processor.py:186} INFO - Started process (PID=50) to work on /opt/airflow/dags/etl_variant_06.py
[2026-05-11T19:06:39.580+0000] {processor.py:914} INFO - Processing file /opt/airflow/dags/etl_variant_06.py for tasks to queue
[2026-05-11T19:06:39.583+0000] {logging_mixin.py:190} INFO - [2026-05-11T19:06:39.582+0000] {dagbag.py:588} INFO - Filling up the DagBag from /opt/airflow/dags/etl_variant_06.py
[2026-05-11T19:06:39.598+0000] {processor.py:925} INFO - DAG(s) 'etl_variant_06' retrieved from /opt/airflow/dags/etl_variant_06.py
[2026-05-11T19:06:39.631+0000] {logging_mixin.py:190} INFO - [2026-05-11T19:06:39.631+0000] {dag.py:3239} INFO - Sync 1 DAGs
[2026-05-11T19:06:39.654+0000] {logging_mixin.py:190} INFO - [2026-05-11T19:06:39.654+0000] {dag.py:4180} INFO - Setting next_dagrun for etl_variant_06 to 2026-05-11 19:00:00+00:00, run_after=2026-05-11 19:05:00+00:00
[2026-05-11T19:06:39.671+0000] {processor.py:208} INFO - Processing /opt/airflow/dags/etl_variant_06.py took 0.098 seconds
[2026-05-11T19:07:09.836+0000] {processor.py:186} INFO - Started process (PID=51) to work on /opt/airflow/dags/etl_variant_06.py
[2026-05-11T19:07:09.837+0000] {processor.py:914} INFO - Processing file /opt/airflow/dags/etl_variant_06.py for tasks to queue
[2026-05-11T19:07:09.842+0000] {logging_mixin.py:190} INFO - [2026-05-11T19:07:09.841+0000] {dagbag.py:588} INFO - Filling up the DagBag from /opt/airflow/dags/etl_variant_06.py
[2026-05-11T19:07:09.865+0000] {processor.py:925} INFO - DAG(s) 'etl_variant_06' retrieved from /opt/airflow/dags/etl_variant_06.py
[2026-05-11T19:07:09.920+0000] {logging_mixin.py:190} INFO - [2026-05-11T19:07:09.919+0000] {dag.py:3239} INFO - Sync 1 DAGs
[2026-05-11T19:07:09.954+0000] {logging_mixin.py:190} INFO - [2026-05-11T19:07:09.954+0000] {dag.py:4180} INFO - Setting next_dagrun for etl_variant_06 to 2026-05-11 19:00:00+00:00, run_after=2026-05-11 19:05:00+00:00
[2026-05-11T19:07:09.985+0000] {processor.py:208} INFO - Processing /opt/airflow/dags/etl_variant_06.py took 0.158 seconds
[2026-05-11T19:07:40.500+0000] {processor.py:186} INFO - Started process (PID=52) to work on /opt/airflow/dags/etl_variant_06.py
[2026-05-11T19:07:40.585+0000] {processor.py:914} INFO - Processing file /opt/airflow/dags/etl_variant_06.py for tasks to queue
[2026-05-11T19:07:40.588+0000] {logging_mixin.py:190} INFO - [2026-05-11T19:07:40.588+0000] {dagbag.py:588} INFO - Filling up the DagBag from /opt/airflow/dags/etl_variant_06.py
[2026-05-11T19:07:41.158+0000] {processor.py:925} INFO - DAG(s) 'etl_variant_06' retrieved from /opt/airflow/dags/etl_variant_06.py
[2026-05-11T19:07:41.200+0000] {logging_mixin.py:190} INFO - [2026-05-11T19:07:41.199+0000] {dag.py:3239} INFO - Sync 1 DAGs
[2026-05-11T19:07:41.227+0000] {logging_mixin.py:190} INFO - [2026-05-11T19:07:41.227+0000] {dag.py:4180} INFO - Setting next_dagrun for etl_variant_06 to 2026-05-11 19:00:00+00:00, run_after=2026-05-11 19:05:00+00:00
[2026-05-11T19:07:41.249+0000] {processor.py:208} INFO - Processing /opt/airflow/dags/etl_variant_06.py took 0.758 seconds
[2026-05-11T19:08:11.541+0000] {processor.py:186} INFO - Started process (PID=53) to work on /opt/airflow/dags/etl_variant_06.py
[2026-05-11T19:08:11.542+0000] {processor.py:914} INFO - Processing file /opt/airflow/dags/etl_variant_06.py for tasks to queue
[2026-05-11T19:08:11.544+0000] {logging_mixin.py:190} INFO - [2026-05-11T19:08:11.544+0000] {dagbag.py:588} INFO - Filling up the DagBag from /opt/airflow/dags/etl_variant_06.py
[2026-05-11T19:08:11.557+0000] {processor.py:925} INFO - DAG(s) 'etl_variant_06' retrieved from /opt/airflow/dags/etl_variant_06.py
[2026-05-11T19:08:11.588+0000] {logging_mixin.py:190} INFO - [2026-05-11T19:08:11.588+0000] {dag.py:3239} INFO - Sync 1 DAGs
[2026-05-11T19:08:11.609+0000] {logging_mixin.py:190} INFO - [2026-05-11T19:08:11.609+0000] {dag.py:4180} INFO - Setting next_dagrun for etl_variant_06 to 2026-05-11 19:00:00+00:00, run_after=2026-05-11 19:05:00+00:00
[2026-05-11T19:08:11.625+0000] {processor.py:208} INFO - Processing /opt/airflow/dags/etl_variant_06.py took 0.090 seconds
[2026-05-11T19:08:41.790+0000] {processor.py:186} INFO - Started process (PID=54) to work on /opt/airflow/dags/etl_variant_06.py
[2026-05-11T19:08:41.791+0000] {processor.py:914} INFO - Processing file /opt/airflow/dags/etl_variant_06.py for tasks to queue
[2026-05-11T19:08:41.793+0000] {logging_mixin.py:190} INFO - [2026-05-11T19:08:41.793+0000] {dagbag.py:588} INFO - Filling up the DagBag from /opt/airflow/dags/etl_variant_06.py
[2026-05-11T19:08:41.805+0000] {processor.py:925} INFO - DAG(s) 'etl_variant_06' retrieved from /opt/airflow/dags/etl_variant_06.py
[2026-05-11T19:08:41.835+0000] {logging_mixin.py:190} INFO - [2026-05-11T19:08:41.835+0000] {dag.py:3239} INFO - Sync 1 DAGs
[2026-05-11T19:08:41.854+0000] {logging_mixin.py:190} INFO - [2026-05-11T19:08:41.854+0000] {dag.py:4180} INFO - Setting next_dagrun for etl_variant_06 to 2026-05-11 19:00:00+00:00, run_after=2026-05-11 19:05:00+00:00
[2026-05-11T19:08:41.871+0000] {processor.py:208} INFO - Processing /opt/airflow/dags/etl_variant_06.py took 0.086 seconds
[2026-05-11T19:09:12.088+0000] {processor.py:186} INFO - Started process (PID=55) to work on /opt/airflow/dags/etl_variant_06.py
[2026-05-11T19:09:12.089+0000] {processor.py:914} INFO - Processing file /opt/airflow/dags/etl_variant_06.py for tasks to queue
[2026-05-11T19:09:12.091+0000] {logging_mixin.py:190} INFO - [2026-05-11T19:09:12.091+0000] {dagbag.py:588} INFO - Filling up the DagBag from /opt/airflow/dags/etl_variant_06.py
[2026-05-11T19:09:12.108+0000] {processor.py:925} INFO - DAG(s) 'etl_variant_06' retrieved from /opt/airflow/dags/etl_variant_06.py
[2026-05-11T19:09:12.143+0000] {logging_mixin.py:190} INFO - [2026-05-11T19:09:12.143+0000] {dag.py:3239} INFO - Sync 1 DAGs
[2026-05-11T19:09:12.166+0000] {logging_mixin.py:190} INFO - [2026-05-11T19:09:12.166+0000] {dag.py:4180} INFO - Setting next_dagrun for etl_variant_06 to 2026-05-11 19:00:00+00:00, run_after=2026-05-11 19:05:00+00:00
[2026-05-11T19:09:12.184+0000] {processor.py:208} INFO - Processing /opt/airflow/dags/etl_variant_06.py took 0.102 seconds
[2026-05-11T19:09:42.461+0000] {processor.py:186} INFO - Started process (PID=56) to work on /opt/airflow/dags/etl_variant_06.py
[2026-05-11T19:09:42.462+0000] {processor.py:914} INFO - Processing file /opt/airflow/dags/etl_variant_06.py for tasks to queue
[2026-05-11T19:09:42.465+0000] {logging_mixin.py:190} INFO - [2026-05-11T19:09:42.464+0000] {dagbag.py:588} INFO - Filling up the DagBag from /opt/airflow/dags/etl_variant_06.py
[2026-05-11T19:09:42.479+0000] {processor.py:925} INFO - DAG(s) 'etl_variant_06' retrieved from /opt/airflow/dags/etl_variant_06.py
[2026-05-11T19:09:42.516+0000] {logging_mixin.py:190} INFO - [2026-05-11T19:09:42.516+0000] {dag.py:3239} INFO - Sync 1 DAGs
[2026-05-11T19:09:42.544+0000] {logging_mixin.py:190} INFO - [2026-05-11T19:09:42.544+0000] {dag.py:4180} INFO - Setting next_dagrun for etl_variant_06 to 2026-05-11 19:00:00+00:00, run_after=2026-05-11 19:05:00+00:00
[2026-05-11T19:09:42.561+0000] {processor.py:208} INFO - Processing /opt/airflow/dags/etl_variant_06.py took 0.107 seconds
[2026-05-11T19:10:12.752+0000] {processor.py:186} INFO - Started process (PID=57) to work on /opt/airflow/dags/etl_variant_06.py
[2026-05-11T19:10:12.753+0000] {processor.py:914} INFO - Processing file /opt/airflow/dags/etl_variant_06.py for tasks to queue
[2026-05-11T19:10:12.756+0000] {logging_mixin.py:190} INFO - [2026-05-11T19:10:12.755+0000] {dagbag.py:588} INFO - Filling up the DagBag from /opt/airflow/dags/etl_variant_06.py
[2026-05-11T19:10:12.772+0000] {processor.py:925} INFO - DAG(s) 'etl_variant_06' retrieved from /opt/airflow/dags/etl_variant_06.py
[2026-05-11T19:10:12.820+0000] {logging_mixin.py:190} INFO - [2026-05-11T19:10:12.820+0000] {dag.py:3239} INFO - Sync 1 DAGs
[2026-05-11T19:10:12.841+0000] {logging_mixin.py:190} INFO - [2026-05-11T19:10:12.841+0000] {dag.py:4180} INFO - Setting next_dagrun for etl_variant_06 to 2026-05-11 19:05:00+00:00, run_after=2026-05-11 19:10:00+00:00
[2026-05-11T19:10:12.857+0000] {processor.py:208} INFO - Processing /opt/airflow/dags/etl_variant_06.py took 0.112 seconds
[2026-05-11T19:10:43.143+0000] {processor.py:186} INFO - Started process (PID=58) to work on /opt/airflow/dags/etl_variant_06.py
[2026-05-11T19:10:43.144+0000] {processor.py:914} INFO - Processing file /opt/airflow/dags/etl_variant_06.py for tasks to queue
[2026-05-11T19:10:43.146+0000] {logging_mixin.py:190} INFO - [2026-05-11T19:10:43.145+0000] {dagbag.py:588} INFO - Filling up the DagBag from /opt/airflow/dags/etl_variant_06.py
[2026-05-11T19:10:43.157+0000] {processor.py:925} INFO - DAG(s) 'etl_variant_06' retrieved from /opt/airflow/dags/etl_variant_06.py
[2026-05-11T19:10:43.184+0000] {logging_mixin.py:190} INFO - [2026-05-11T19:10:43.184+0000] {dag.py:3239} INFO - Sync 1 DAGs
[2026-05-11T19:10:43.206+0000] {logging_mixin.py:190} INFO - [2026-05-11T19:10:43.206+0000] {dag.py:4180} INFO - Setting next_dagrun for etl_variant_06 to 2026-05-11 19:05:00+00:00, run_after=2026-05-11 19:10:00+00:00
[2026-05-11T19:10:43.223+0000] {processor.py:208} INFO - Processing /opt/airflow/dags/etl_variant_06.py took 0.085 seconds
[2026-05-11T19:11:13.447+0000] {processor.py:186} INFO - Started process (PID=59) to work on /opt/airflow/dags/etl_variant_06.py
[2026-05-11T19:11:13.448+0000] {processor.py:914} INFO - Processing file /opt/airflow/dags/etl_variant_06.py for tasks to queue
[2026-05-11T19:11:13.450+0000] {logging_mixin.py:190} INFO - [2026-05-11T19:11:13.449+0000] {dagbag.py:588} INFO - Filling up the DagBag from /opt/airflow/dags/etl_variant_06.py
[2026-05-11T19:11:13.463+0000] {processor.py:925} INFO - DAG(s) 'etl_variant_06' retrieved from /opt/airflow/dags/etl_variant_06.py
[2026-05-11T19:11:13.499+0000] {logging_mixin.py:190} INFO - [2026-05-11T19:11:13.498+0000] {dag.py:3239} INFO - Sync 1 DAGs
[2026-05-11T19:11:13.520+0000] {logging_mixin.py:190} INFO - [2026-05-11T19:11:13.519+0000] {dag.py:4180} INFO - Setting next_dagrun for etl_variant_06 to 2026-05-11 19:05:00+00:00, run_after=2026-05-11 19:10:00+00:00
[2026-05-11T19:11:13.534+0000] {processor.py:208} INFO - Processing /opt/airflow/dags/etl_variant_06.py took 0.093 seconds
[2026-05-11T19:11:43.782+0000] {processor.py:186} INFO - Started process (PID=60) to work on /opt/airflow/dags/etl_variant_06.py
[2026-05-11T19:11:43.783+0000] {processor.py:914} INFO - Processing file /opt/airflow/dags/etl_variant_06.py for tasks to queue
[2026-05-11T19:11:43.785+0000] {logging_mixin.py:190} INFO - [2026-05-11T19:11:43.785+0000] {dagbag.py:588} INFO - Filling up the DagBag from /opt/airflow/dags/etl_variant_06.py
[2026-05-11T19:11:43.803+0000] {processor.py:925} INFO - DAG(s) 'etl_variant_06' retrieved from /opt/airflow/dags/etl_variant_06.py
[2026-05-11T19:11:43.825+0000] {logging_mixin.py:190} INFO - [2026-05-11T19:11:43.825+0000] {dag.py:3239} INFO - Sync 1 DAGs
[2026-05-11T19:11:43.845+0000] {logging_mixin.py:190} INFO - [2026-05-11T19:11:43.845+0000] {dag.py:4180} INFO - Setting next_dagrun for etl_variant_06 to 2026-05-11 19:05:00+00:00, run_after=2026-05-11 19:10:00+00:00
[2026-05-11T19:11:43.860+0000] {processor.py:208} INFO - Processing /opt/airflow/dags/etl_variant_06.py took 0.084 seconds
[2026-05-11T19:12:14.059+0000] {processor.py:186} INFO - Started process (PID=61) to work on /opt/airflow/dags/etl_variant_06.py
[2026-05-11T19:12:14.060+0000] {processor.py:914} INFO - Processing file /opt/airflow/dags/etl_variant_06.py for tasks to queue
[2026-05-11T19:12:14.062+0000] {logging_mixin.py:190} INFO - [2026-05-11T19:12:14.062+0000] {dagbag.py:588} INFO - Filling up the DagBag from /opt/airflow/dags/etl_variant_06.py
[2026-05-11T19:12:14.080+0000] {processor.py:925} INFO - DAG(s) 'etl_variant_06' retrieved from /opt/airflow/dags/etl_variant_06.py
[2026-05-11T19:12:14.104+0000] {logging_mixin.py:190} INFO - [2026-05-11T19:12:14.104+0000] {dag.py:3239} INFO - Sync 1 DAGs
[2026-05-11T19:12:14.123+0000] {logging_mixin.py:190} INFO - [2026-05-11T19:12:14.123+0000] {dag.py:4180} INFO - Setting next_dagrun for etl_variant_06 to 2026-05-11 19:05:00+00:00, run_after=2026-05-11 19:10:00+00:00
[2026-05-11T19:12:14.138+0000] {processor.py:208} INFO - Processing /opt/airflow/dags/etl_variant_06.py took 0.085 seconds
[2026-05-11T19:12:44.382+0000] {processor.py:186} INFO - Started process (PID=62) to work on /opt/airflow/dags/etl_variant_06.py
[2026-05-11T19:12:44.382+0000] {processor.py:914} INFO - Processing file /opt/airflow/dags/etl_variant_06.py for tasks to queue
[2026-05-11T19:12:44.384+0000] {logging_mixin.py:190} INFO - [2026-05-11T19:12:44.384+0000] {dagbag.py:588} INFO - Filling up the DagBag from /opt/airflow/dags/etl_variant_06.py
[2026-05-11T19:12:44.403+0000] {processor.py:925} INFO - DAG(s) 'etl_variant_06' retrieved from /opt/airflow/dags/etl_variant_06.py
[2026-05-11T19:12:44.427+0000] {logging_mixin.py:190} INFO - [2026-05-11T19:12:44.427+0000] {dag.py:3239} INFO - Sync 1 DAGs
[2026-05-11T19:12:44.446+0000] {logging_mixin.py:190} INFO - [2026-05-11T19:12:44.446+0000] {dag.py:4180} INFO - Setting next_dagrun for etl_variant_06 to 2026-05-11 19:05:00+00:00, run_after=2026-05-11 19:10:00+00:00
[2026-05-11T19:12:44.461+0000] {processor.py:208} INFO - Processing /opt/airflow/dags/etl_variant_06.py took 0.088 seconds
[2026-05-11T19:13:14.668+0000] {processor.py:186} INFO - Started process (PID=63) to work on /opt/airflow/dags/etl_variant_06.py
[2026-05-11T19:13:14.669+0000] {processor.py:914} INFO - Processing file /opt/airflow/dags/etl_variant_06.py for tasks to queue
[2026-05-11T19:13:14.671+0000] {logging_mixin.py:190} INFO - [2026-05-11T19:13:14.670+0000] {dagbag.py:588} INFO - Filling up the DagBag from /opt/airflow/dags/etl_variant_06.py
[2026-05-11T19:13:14.689+0000] {processor.py:925} INFO - DAG(s) 'etl_variant_06' retrieved from /opt/airflow/dags/etl_variant_06.py
[2026-05-11T19:13:14.715+0000] {logging_mixin.py:190} INFO - [2026-05-11T19:13:14.714+0000] {dag.py:3239} INFO - Sync 1 DAGs
[2026-05-11T19:13:14.733+0000] {logging_mixin.py:190} INFO - [2026-05-11T19:13:14.733+0000] {dag.py:4180} INFO - Setting next_dagrun for etl_variant_06 to 2026-05-11 19:05:00+00:00, run_after=2026-05-11 19:10:00+00:00
[2026-05-11T19:13:14.749+0000] {processor.py:208} INFO - Processing /opt/airflow/dags/etl_variant_06.py took 0.087 seconds
[2026-05-11T19:13:45.010+0000] {processor.py:186} INFO - Started process (PID=64) to work on /opt/airflow/dags/etl_variant_06.py
[2026-05-11T19:13:45.011+0000] {processor.py:914} INFO - Processing file /opt/airflow/dags/etl_variant_06.py for tasks to queue
[2026-05-11T19:13:45.013+0000] {logging_mixin.py:190} INFO - [2026-05-11T19:13:45.012+0000] {dagbag.py:588} INFO - Filling up the DagBag from /opt/airflow/dags/etl_variant_06.py
[2026-05-11T19:13:45.031+0000] {processor.py:925} INFO - DAG(s) 'etl_variant_06' retrieved from /opt/airflow/dags/etl_variant_06.py
[2026-05-11T19:13:45.055+0000] {logging_mixin.py:190} INFO - [2026-05-11T19:13:45.055+0000] {dag.py:3239} INFO - Sync 1 DAGs
[2026-05-11T19:13:45.075+0000] {logging_mixin.py:190} INFO - [2026-05-11T19:13:45.075+0000] {dag.py:4180} INFO - Setting next_dagrun for etl_variant_06 to 2026-05-11 19:05:00+00:00, run_after=2026-05-11 19:10:00+00:00
[2026-05-11T19:13:45.089+0000] {processor.py:208} INFO - Processing /opt/airflow/dags/etl_variant_06.py took 0.084 seconds
[2026-05-11T19:14:15.408+0000] {processor.py:186} INFO - Started process (PID=65) to work on /opt/airflow/dags/etl_variant_06.py
[2026-05-11T19:14:15.409+0000] {processor.py:914} INFO - Processing file /opt/airflow/dags/etl_variant_06.py for tasks to queue
[2026-05-11T19:14:15.411+0000] {logging_mixin.py:190} INFO - [2026-05-11T19:14:15.411+0000] {dagbag.py:588} INFO - Filling up the DagBag from /opt/airflow/dags/etl_variant_06.py
[2026-05-11T19:14:15.430+0000] {processor.py:925} INFO - DAG(s) 'etl_variant_06' retrieved from /opt/airflow/dags/etl_variant_06.py
[2026-05-11T19:14:15.453+0000] {logging_mixin.py:190} INFO - [2026-05-11T19:14:15.453+0000] {dag.py:3239} INFO - Sync 1 DAGs
[2026-05-11T19:14:15.472+0000] {logging_mixin.py:190} INFO - [2026-05-11T19:14:15.472+0000] {dag.py:4180} INFO - Setting next_dagrun for etl_variant_06 to 2026-05-11 19:05:00+00:00, run_after=2026-05-11 19:10:00+00:00
[2026-05-11T19:14:15.488+0000] {processor.py:208} INFO - Processing /opt/airflow/dags/etl_variant_06.py took 0.084 seconds
[2026-05-11T19:14:45.739+0000] {processor.py:186} INFO - Started process (PID=66) to work on /opt/airflow/dags/etl_variant_06.py
[2026-05-11T19:14:45.739+0000] {processor.py:914} INFO - Processing file /opt/airflow/dags/etl_variant_06.py for tasks to queue
[2026-05-11T19:14:45.742+0000] {logging_mixin.py:190} INFO - [2026-05-11T19:14:45.741+0000] {dagbag.py:588} INFO - Filling up the DagBag from /opt/airflow/dags/etl_variant_06.py
[2026-05-11T19:14:45.754+0000] {processor.py:925} INFO - DAG(s) 'etl_variant_06' retrieved from /opt/airflow/dags/etl_variant_06.py
[2026-05-11T19:14:45.780+0000] {logging_mixin.py:190} INFO - [2026-05-11T19:14:45.780+0000] {dag.py:3239} INFO - Sync 1 DAGs
[2026-05-11T19:14:45.800+0000] {logging_mixin.py:190} INFO - [2026-05-11T19:14:45.800+0000] {dag.py:4180} INFO - Setting next_dagrun for etl_variant_06 to 2026-05-11 19:05:00+00:00, run_after=2026-05-11 19:10:00+00:00
[2026-05-11T19:14:45.816+0000] {processor.py:208} INFO - Processing /opt/airflow/dags/etl_variant_06.py took 0.083 seconds
[2026-05-11T19:15:16.131+0000] {processor.py:186} INFO - Started process (PID=67) to work on /opt/airflow/dags/etl_variant_06.py
[2026-05-11T19:15:16.132+0000] {processor.py:914} INFO - Processing file /opt/airflow/dags/etl_variant_06.py for tasks to queue
[2026-05-11T19:15:16.134+0000] {logging_mixin.py:190} INFO - [2026-05-11T19:15:16.134+0000] {dagbag.py:588} INFO - Filling up the DagBag from /opt/airflow/dags/etl_variant_06.py
[2026-05-11T19:15:16.146+0000] {processor.py:925} INFO - DAG(s) 'etl_variant_06' retrieved from /opt/airflow/dags/etl_variant_06.py
[2026-05-11T19:15:16.169+0000] {logging_mixin.py:190} INFO - [2026-05-11T19:15:16.169+0000] {dag.py:3239} INFO - Sync 1 DAGs
[2026-05-11T19:15:16.188+0000] {logging_mixin.py:190} INFO - [2026-05-11T19:15:16.188+0000] {dag.py:4180} INFO - Setting next_dagrun for etl_variant_06 to 2026-05-11 19:10:00+00:00, run_after=2026-05-11 19:15:00+00:00
[2026-05-11T19:15:16.202+0000] {processor.py:208} INFO - Processing /opt/airflow/dags/etl_variant_06.py took 0.077 seconds
[2026-05-11T19:15:46.463+0000] {processor.py:186} INFO - Started process (PID=68) to work on /opt/airflow/dags/etl_variant_06.py
[2026-05-11T19:15:46.464+0000] {processor.py:914} INFO - Processing file /opt/airflow/dags/etl_variant_06.py for tasks to queue
[2026-05-11T19:15:46.465+0000] {logging_mixin.py:190} INFO - [2026-05-11T19:15:46.465+0000] {dagbag.py:588} INFO - Filling up the DagBag from /opt/airflow/dags/etl_variant_06.py
[2026-05-11T19:15:46.477+0000] {processor.py:925} INFO - DAG(s) 'etl_variant_06' retrieved from /opt/airflow/dags/etl_variant_06.py
[2026-05-11T19:15:46.500+0000] {logging_mixin.py:190} INFO - [2026-05-11T19:15:46.499+0000] {dag.py:3239} INFO - Sync 1 DAGs
[2026-05-11T19:15:46.519+0000] {logging_mixin.py:190} INFO - [2026-05-11T19:15:46.518+0000] {dag.py:4180} INFO - Setting next_dagrun for etl_variant_06 to 2026-05-11 19:10:00+00:00, run_after=2026-05-11 19:15:00+00:00
[2026-05-11T19:15:46.533+0000] {processor.py:208} INFO - Processing /opt/airflow/dags/etl_variant_06.py took 0.076 seconds
[2026-05-11T19:16:16.880+0000] {processor.py:186} INFO - Started process (PID=69) to work on /opt/airflow/dags/etl_variant_06.py
[2026-05-11T19:16:16.880+0000] {processor.py:914} INFO - Processing file /opt/airflow/dags/etl_variant_06.py for tasks to queue
[2026-05-11T19:16:16.882+0000] {logging_mixin.py:190} INFO - [2026-05-11T19:16:16.882+0000] {dagbag.py:588} INFO - Filling up the DagBag from /opt/airflow/dags/etl_variant_06.py
[2026-05-11T19:16:16.894+0000] {processor.py:925} INFO - DAG(s) 'etl_variant_06' retrieved from /opt/airflow/dags/etl_variant_06.py
[2026-05-11T19:16:16.916+0000] {logging_mixin.py:190} INFO - [2026-05-11T19:16:16.916+0000] {dag.py:3239} INFO - Sync 1 DAGs
[2026-05-11T19:16:16.935+0000] {logging_mixin.py:190} INFO - [2026-05-11T19:16:16.935+0000] {dag.py:4180} INFO - Setting next_dagrun for etl_variant_06 to 2026-05-11 19:10:00+00:00, run_after=2026-05-11 19:15:00+00:00
[2026-05-11T19:16:16.951+0000] {processor.py:208} INFO - Processing /opt/airflow/dags/etl_variant_06.py took 0.077 seconds
[2026-05-11T19:16:47.285+0000] {processor.py:186} INFO - Started process (PID=70) to work on /opt/airflow/dags/etl_variant_06.py
[2026-05-11T19:16:47.286+0000] {processor.py:914} INFO - Processing file /opt/airflow/dags/etl_variant_06.py for tasks to queue
[2026-05-11T19:16:47.288+0000] {logging_mixin.py:190} INFO - [2026-05-11T19:16:47.287+0000] {dagbag.py:588} INFO - Filling up the DagBag from /opt/airflow/dags/etl_variant_06.py
[2026-05-11T19:16:47.300+0000] {processor.py:925} INFO - DAG(s) 'etl_variant_06' retrieved from /opt/airflow/dags/etl_variant_06.py
[2026-05-11T19:16:47.325+0000] {logging_mixin.py:190} INFO - [2026-05-11T19:16:47.325+0000] {dag.py:3239} INFO - Sync 1 DAGs
[2026-05-11T19:16:47.347+0000] {logging_mixin.py:190} INFO - [2026-05-11T19:16:47.347+0000] {dag.py:4180} INFO - Setting next_dagrun for etl_variant_06 to 2026-05-11 19:10:00+00:00, run_after=2026-05-11 19:15:00+00:00
[2026-05-11T19:16:47.365+0000] {processor.py:208} INFO - Processing /opt/airflow/dags/etl_variant_06.py took 0.085 seconds
[2026-05-11T19:17:17.651+0000] {processor.py:186} INFO - Started process (PID=71) to work on /opt/airflow/dags/etl_variant_06.py
[2026-05-11T19:17:17.652+0000] {processor.py:914} INFO - Processing file /opt/airflow/dags/etl_variant_06.py for tasks to queue
[2026-05-11T19:17:17.654+0000] {logging_mixin.py:190} INFO - [2026-05-11T19:17:17.653+0000] {dagbag.py:588} INFO - Filling up the DagBag from /opt/airflow/dags/etl_variant_06.py
[2026-05-11T19:17:17.665+0000] {processor.py:925} INFO - DAG(s) 'etl_variant_06' retrieved from /opt/airflow/dags/etl_variant_06.py
[2026-05-11T19:17:17.687+0000] {logging_mixin.py:190} INFO - [2026-05-11T19:17:17.686+0000] {dag.py:3239} INFO - Sync 1 DAGs
[2026-05-11T19:17:17.705+0000] {logging_mixin.py:190} INFO - [2026-05-11T19:17:17.705+0000] {dag.py:4180} INFO - Setting next_dagrun for etl_variant_06 to 2026-05-11 19:10:00+00:00, run_after=2026-05-11 19:15:00+00:00
[2026-05-11T19:17:17.719+0000] {processor.py:208} INFO - Processing /opt/airflow/dags/etl_variant_06.py took 0.073 seconds
[2026-05-11T19:17:47.904+0000] {processor.py:186} INFO - Started process (PID=72) to work on /opt/airflow/dags/etl_variant_06.py
[2026-05-11T19:17:47.905+0000] {processor.py:914} INFO - Processing file /opt/airflow/dags/etl_variant_06.py for tasks to queue
[2026-05-11T19:17:47.907+0000] {logging_mixin.py:190} INFO - [2026-05-11T19:17:47.906+0000] {dagbag.py:588} INFO - Filling up the DagBag from /opt/airflow/dags/etl_variant_06.py
[2026-05-11T19:17:47.918+0000] {processor.py:925} INFO - DAG(s) 'etl_variant_06' retrieved from /opt/airflow/dags/etl_variant_06.py
[2026-05-11T19:17:47.944+0000] {logging_mixin.py:190} INFO - [2026-05-11T19:17:47.944+0000] {dag.py:3239} INFO - Sync 1 DAGs
[2026-05-11T19:17:47.963+0000] {logging_mixin.py:190} INFO - [2026-05-11T19:17:47.963+0000] {dag.py:4180} INFO - Setting next_dagrun for etl_variant_06 to 2026-05-11 19:10:00+00:00, run_after=2026-05-11 19:15:00+00:00
[2026-05-11T19:17:47.977+0000] {processor.py:208} INFO - Processing /opt/airflow/dags/etl_variant_06.py took 0.079 seconds
[2026-05-11T19:18:18.197+0000] {processor.py:186} INFO - Started process (PID=73) to work on /opt/airflow/dags/etl_variant_06.py
[2026-05-11T19:18:18.198+0000] {processor.py:914} INFO - Processing file /opt/airflow/dags/etl_variant_06.py for tasks to queue
[2026-05-11T19:18:18.201+0000] {logging_mixin.py:190} INFO - [2026-05-11T19:18:18.201+0000] {dagbag.py:588} INFO - Filling up the DagBag from /opt/airflow/dags/etl_variant_06.py
[2026-05-11T19:18:18.214+0000] {processor.py:925} INFO - DAG(s) 'etl_variant_06' retrieved from /opt/airflow/dags/etl_variant_06.py
[2026-05-11T19:18:18.236+0000] {logging_mixin.py:190} INFO - [2026-05-11T19:18:18.235+0000] {dag.py:3239} INFO - Sync 1 DAGs
[2026-05-11T19:18:18.255+0000] {logging_mixin.py:190} INFO - [2026-05-11T19:18:18.255+0000] {dag.py:4180} INFO - Setting next_dagrun for etl_variant_06 to 2026-05-11 19:10:00+00:00, run_after=2026-05-11 19:15:00+00:00
[2026-05-11T19:18:18.270+0000] {processor.py:208} INFO - Processing /opt/airflow/dags/etl_variant_06.py took 0.080 seconds
[2026-05-11T19:18:48.541+0000] {processor.py:186} INFO - Started process (PID=74) to work on /opt/airflow/dags/etl_variant_06.py
[2026-05-11T19:18:48.542+0000] {processor.py:914} INFO - Processing file /opt/airflow/dags/etl_variant_06.py for tasks to queue
[2026-05-11T19:18:48.544+0000] {logging_mixin.py:190} INFO - [2026-05-11T19:18:48.544+0000] {dagbag.py:588} INFO - Filling up the DagBag from /opt/airflow/dags/etl_variant_06.py
[2026-05-11T19:18:48.556+0000] {processor.py:925} INFO - DAG(s) 'etl_variant_06' retrieved from /opt/airflow/dags/etl_variant_06.py
[2026-05-11T19:18:48.577+0000] {logging_mixin.py:190} INFO - [2026-05-11T19:18:48.577+0000] {dag.py:3239} INFO - Sync 1 DAGs
[2026-05-11T19:18:48.596+0000] {logging_mixin.py:190} INFO - [2026-05-11T19:18:48.596+0000] {dag.py:4180} INFO - Setting next_dagrun for etl_variant_06 to 2026-05-11 19:10:00+00:00, run_after=2026-05-11 19:15:00+00:00
[2026-05-11T19:18:48.612+0000] {processor.py:208} INFO - Processing /opt/airflow/dags/etl_variant_06.py took 0.076 seconds
[2026-05-11T19:19:18.854+0000] {processor.py:186} INFO - Started process (PID=75) to work on /opt/airflow/dags/etl_variant_06.py
[2026-05-11T19:19:18.854+0000] {processor.py:914} INFO - Processing file /opt/airflow/dags/etl_variant_06.py for tasks to queue
[2026-05-11T19:19:18.856+0000] {logging_mixin.py:190} INFO - [2026-05-11T19:19:18.856+0000] {dagbag.py:588} INFO - Filling up the DagBag from /opt/airflow/dags/etl_variant_06.py
[2026-05-11T19:19:18.869+0000] {processor.py:925} INFO - DAG(s) 'etl_variant_06' retrieved from /opt/airflow/dags/etl_variant_06.py
[2026-05-11T19:19:18.893+0000] {logging_mixin.py:190} INFO - [2026-05-11T19:19:18.893+0000] {dag.py:3239} INFO - Sync 1 DAGs
[2026-05-11T19:19:18.913+0000] {logging_mixin.py:190} INFO - [2026-05-11T19:19:18.913+0000] {dag.py:4180} INFO - Setting next_dagrun for etl_variant_06 to 2026-05-11 19:10:00+00:00, run_after=2026-05-11 19:15:00+00:00
[2026-05-11T19:19:18.928+0000] {processor.py:208} INFO - Processing /opt/airflow/dags/etl_variant_06.py took 0.081 seconds
[2026-05-11T19:19:49.247+0000] {processor.py:186} INFO - Started process (PID=76) to work on /opt/airflow/dags/etl_variant_06.py
[2026-05-11T19:19:49.248+0000] {processor.py:914} INFO - Processing file /opt/airflow/dags/etl_variant_06.py for tasks to queue
[2026-05-11T19:19:49.249+0000] {logging_mixin.py:190} INFO - [2026-05-11T19:19:49.249+0000] {dagbag.py:588} INFO - Filling up the DagBag from /opt/airflow/dags/etl_variant_06.py
[2026-05-11T19:19:49.262+0000] {processor.py:925} INFO - DAG(s) 'etl_variant_06' retrieved from /opt/airflow/dags/etl_variant_06.py
[2026-05-11T19:19:49.285+0000] {logging_mixin.py:190} INFO - [2026-05-11T19:19:49.284+0000] {dag.py:3239} INFO - Sync 1 DAGs
[2026-05-11T19:19:49.304+0000] {logging_mixin.py:190} INFO - [2026-05-11T19:19:49.303+0000] {dag.py:4180} INFO - Setting next_dagrun for etl_variant_06 to 2026-05-11 19:10:00+00:00, run_after=2026-05-11 19:15:00+00:00
[2026-05-11T19:19:49.318+0000] {processor.py:208} INFO - Processing /opt/airflow/dags/etl_variant_06.py took 0.077 seconds
[2026-05-11T19:20:19.586+0000] {processor.py:186} INFO - Started process (PID=77) to work on /opt/airflow/dags/etl_variant_06.py
[2026-05-11T19:20:19.587+0000] {processor.py:914} INFO - Processing file /opt/airflow/dags/etl_variant_06.py for tasks to queue
[2026-05-11T19:20:19.589+0000] {logging_mixin.py:190} INFO - [2026-05-11T19:20:19.588+0000] {dagbag.py:588} INFO - Filling up the DagBag from /opt/airflow/dags/etl_variant_06.py
[2026-05-11T19:20:19.601+0000] {processor.py:925} INFO - DAG(s) 'etl_variant_06' retrieved from /opt/airflow/dags/etl_variant_06.py
[2026-05-11T19:20:19.624+0000] {logging_mixin.py:190} INFO - [2026-05-11T19:20:19.624+0000] {dag.py:3239} INFO - Sync 1 DAGs
[2026-05-11T19:20:19.646+0000] {logging_mixin.py:190} INFO - [2026-05-11T19:20:19.646+0000] {dag.py:4180} INFO - Setting next_dagrun for etl_variant_06 to 2026-05-11 19:15:00+00:00, run_after=2026-05-11 19:20:00+00:00
[2026-05-11T19:20:19.661+0000] {processor.py:208} INFO - Processing /opt/airflow/dags/etl_variant_06.py took 0.081 seconds
[2026-05-11T19:20:49.691+0000] {processor.py:186} INFO - Started process (PID=78) to work on /opt/airflow/dags/etl_variant_06.py
[2026-05-11T19:20:49.692+0000] {processor.py:914} INFO - Processing file /opt/airflow/dags/etl_variant_06.py for tasks to queue
[2026-05-11T19:20:49.694+0000] {logging_mixin.py:190} INFO - [2026-05-11T19:20:49.694+0000] {dagbag.py:588} INFO - Filling up the DagBag from /opt/airflow/dags/etl_variant_06.py
[2026-05-11T19:20:49.706+0000] {processor.py:925} INFO - DAG(s) 'etl_variant_06' retrieved from /opt/airflow/dags/etl_variant_06.py
[2026-05-11T19:20:49.728+0000] {logging_mixin.py:190} INFO - [2026-05-11T19:20:49.728+0000] {dag.py:3239} INFO - Sync 1 DAGs
[2026-05-11T19:20:49.747+0000] {logging_mixin.py:190} INFO - [2026-05-11T19:20:49.747+0000] {dag.py:4180} INFO - Setting next_dagrun for etl_variant_06 to 2026-05-11 19:15:00+00:00, run_after=2026-05-11 19:20:00+00:00
[2026-05-11T19:20:49.764+0000] {processor.py:208} INFO - Processing /opt/airflow/dags/etl_variant_06.py took 0.078 seconds
[2026-05-11T19:21:20.000+0000] {processor.py:186} INFO - Started process (PID=79) to work on /opt/airflow/dags/etl_variant_06.py
[2026-05-11T19:21:20.001+0000] {processor.py:914} INFO - Processing file /opt/airflow/dags/etl_variant_06.py for tasks to queue
[2026-05-11T19:21:20.003+0000] {logging_mixin.py:190} INFO - [2026-05-11T19:21:20.002+0000] {dagbag.py:588} INFO - Filling up the DagBag from /opt/airflow/dags/etl_variant_06.py
[2026-05-11T19:21:20.015+0000] {processor.py:925} INFO - DAG(s) 'etl_variant_06' retrieved from /opt/airflow/dags/etl_variant_06.py
[2026-05-11T19:21:20.040+0000] {logging_mixin.py:190} INFO - [2026-05-11T19:21:20.040+0000] {dag.py:3239} INFO - Sync 1 DAGs
[2026-05-11T19:21:20.061+0000] {logging_mixin.py:190} INFO - [2026-05-11T19:21:20.061+0000] {dag.py:4180} INFO - Setting next_dagrun for etl_variant_06 to 2026-05-11 19:15:00+00:00, run_after=2026-05-11 19:20:00+00:00
[2026-05-11T19:21:20.075+0000] {processor.py:208} INFO - Processing /opt/airflow/dags/etl_variant_06.py took 0.080 seconds
[2026-05-11T19:21:50.346+0000] {processor.py:186} INFO - Started process (PID=80) to work on /opt/airflow/dags/etl_variant_06.py
[2026-05-11T19:21:50.347+0000] {processor.py:914} INFO - Processing file /opt/airflow/dags/etl_variant_06.py for tasks to queue
[2026-05-11T19:21:50.349+0000] {logging_mixin.py:190} INFO - [2026-05-11T19:21:50.349+0000] {dagbag.py:588} INFO - Filling up the DagBag from /opt/airflow/dags/etl_variant_06.py
[2026-05-11T19:21:50.361+0000] {processor.py:925} INFO - DAG(s) 'etl_variant_06' retrieved from /opt/airflow/dags/etl_variant_06.py
[2026-05-11T19:21:50.386+0000] {logging_mixin.py:190} INFO - [2026-05-11T19:21:50.386+0000] {dag.py:3239} INFO - Sync 1 DAGs
[2026-05-11T19:21:50.422+0000] {logging_mixin.py:190} INFO - [2026-05-11T19:21:50.422+0000] {dag.py:4180} INFO - Setting next_dagrun for etl_variant_06 to 2026-05-11 19:15:00+00:00, run_after=2026-05-11 19:20:00+00:00
[2026-05-11T19:21:50.439+0000] {processor.py:208} INFO - Processing /opt/airflow/dags/etl_variant_06.py took 0.098 seconds
[2026-05-11T19:22:20.676+0000] {processor.py:186} INFO - Started process (PID=81) to work on /opt/airflow/dags/etl_variant_06.py
[2026-05-11T19:22:20.677+0000] {processor.py:914} INFO - Processing file /opt/airflow/dags/etl_variant_06.py for tasks to queue
[2026-05-11T19:22:20.679+0000] {logging_mixin.py:190} INFO - [2026-05-11T19:22:20.679+0000] {dagbag.py:588} INFO - Filling up the DagBag from /opt/airflow/dags/etl_variant_06.py
[2026-05-11T19:22:20.693+0000] {processor.py:925} INFO - DAG(s) 'etl_variant_06' retrieved from /opt/airflow/dags/etl_variant_06.py
[2026-05-11T19:22:20.715+0000] {logging_mixin.py:190} INFO - [2026-05-11T19:22:20.715+0000] {dag.py:3239} INFO - Sync 1 DAGs
[2026-05-11T19:22:20.735+0000] {logging_mixin.py:190} INFO - [2026-05-11T19:22:20.735+0000] {dag.py:4180} INFO - Setting next_dagrun for etl_variant_06 to 2026-05-11 19:15:00+00:00, run_after=2026-05-11 19:20:00+00:00
[2026-05-11T19:22:20.750+0000] {processor.py:208} INFO - Processing /opt/airflow/dags/etl_variant_06.py took 0.083 seconds
[2026-05-11T19:22:51.008+0000] {processor.py:186} INFO - Started process (PID=82) to work on /opt/airflow/dags/etl_variant_06.py
[2026-05-11T19:22:51.009+0000] {processor.py:914} INFO - Processing file /opt/airflow/dags/etl_variant_06.py for tasks to queue
[2026-05-11T19:22:51.011+0000] {logging_mixin.py:190} INFO - [2026-05-11T19:22:51.011+0000] {dagbag.py:588} INFO - Filling up the DagBag from /opt/airflow/dags/etl_variant_06.py
[2026-05-11T19:22:51.026+0000] {processor.py:925} INFO - DAG(s) 'etl_variant_06' retrieved from /opt/airflow/dags/etl_variant_06.py
[2026-05-11T19:22:51.052+0000] {logging_mixin.py:190} INFO - [2026-05-11T19:22:51.052+0000] {dag.py:3239} INFO - Sync 1 DAGs
[2026-05-11T19:22:51.072+0000] {logging_mixin.py:190} INFO - [2026-05-11T19:22:51.072+0000] {dag.py:4180} INFO - Setting next_dagrun for etl_variant_06 to 2026-05-11 19:15:00+00:00, run_after=2026-05-11 19:20:00+00:00
[2026-05-11T19:22:51.087+0000] {processor.py:208} INFO - Processing /opt/airflow/dags/etl_variant_06.py took 0.085 seconds
[2026-05-11T19:23:21.412+0000] {processor.py:186} INFO - Started process (PID=83) to work on /opt/airflow/dags/etl_variant_06.py
[2026-05-11T19:23:21.412+0000] {processor.py:914} INFO - Processing file /opt/airflow/dags/etl_variant_06.py for tasks to queue
[2026-05-11T19:23:21.415+0000] {logging_mixin.py:190} INFO - [2026-05-11T19:23:21.414+0000] {dagbag.py:588} INFO - Filling up the DagBag from /opt/airflow/dags/etl_variant_06.py
[2026-05-11T19:23:21.429+0000] {processor.py:925} INFO - DAG(s) 'etl_variant_06' retrieved from /opt/airflow/dags/etl_variant_06.py
[2026-05-11T19:23:21.453+0000] {logging_mixin.py:190} INFO - [2026-05-11T19:23:21.453+0000] {dag.py:3239} INFO - Sync 1 DAGs
[2026-05-11T19:23:21.473+0000] {logging_mixin.py:190} INFO - [2026-05-11T19:23:21.473+0000] {dag.py:4180} INFO - Setting next_dagrun for etl_variant_06 to 2026-05-11 19:15:00+00:00, run_after=2026-05-11 19:20:00+00:00
[2026-05-11T19:23:21.491+0000] {processor.py:208} INFO - Processing /opt/airflow/dags/etl_variant_06.py took 0.086 seconds
[2026-05-11T19:23:51.721+0000] {processor.py:186} INFO - Started process (PID=84) to work on /opt/airflow/dags/etl_variant_06.py
[2026-05-11T19:23:51.721+0000] {processor.py:914} INFO - Processing file /opt/airflow/dags/etl_variant_06.py for tasks to queue
[2026-05-11T19:23:51.724+0000] {logging_mixin.py:190} INFO - [2026-05-11T19:23:51.723+0000] {dagbag.py:588} INFO - Filling up the DagBag from /opt/airflow/dags/etl_variant_06.py
[2026-05-11T19:23:51.737+0000] {processor.py:925} INFO - DAG(s) 'etl_variant_06' retrieved from /opt/airflow/dags/etl_variant_06.py
[2026-05-11T19:23:51.765+0000] {logging_mixin.py:190} INFO - [2026-05-11T19:23:51.764+0000] {dag.py:3239} INFO - Sync 1 DAGs
[2026-05-11T19:23:51.784+0000] {logging_mixin.py:190} INFO - [2026-05-11T19:23:51.784+0000] {dag.py:4180} INFO - Setting next_dagrun for etl_variant_06 to 2026-05-11 19:15:00+00:00, run_after=2026-05-11 19:20:00+00:00
[2026-05-11T19:23:51.799+0000] {processor.py:208} INFO - Processing /opt/airflow/dags/etl_variant_06.py took 0.085 seconds
[2026-05-11T19:24:22.114+0000] {processor.py:186} INFO - Started process (PID=85) to work on /opt/airflow/dags/etl_variant_06.py
[2026-05-11T19:24:22.115+0000] {processor.py:914} INFO - Processing file /opt/airflow/dags/etl_variant_06.py for tasks to queue
[2026-05-11T19:24:22.116+0000] {logging_mixin.py:190} INFO - [2026-05-11T19:24:22.116+0000] {dagbag.py:588} INFO - Filling up the DagBag from /opt/airflow/dags/etl_variant_06.py
[2026-05-11T19:24:22.128+0000] {processor.py:925} INFO - DAG(s) 'etl_variant_06' retrieved from /opt/airflow/dags/etl_variant_06.py
[2026-05-11T19:24:22.152+0000] {logging_mixin.py:190} INFO - [2026-05-11T19:24:22.152+0000] {dag.py:3239} INFO - Sync 1 DAGs
[2026-05-11T19:24:22.171+0000] {logging_mixin.py:190} INFO - [2026-05-11T19:24:22.171+0000] {dag.py:4180} INFO - Setting next_dagrun for etl_variant_06 to 2026-05-11 19:15:00+00:00, run_after=2026-05-11 19:20:00+00:00
[2026-05-11T19:24:22.186+0000] {processor.py:208} INFO - Processing /opt/airflow/dags/etl_variant_06.py took 0.079 seconds
[2026-05-11T19:24:52.474+0000] {processor.py:186} INFO - Started process (PID=86) to work on /opt/airflow/dags/etl_variant_06.py
[2026-05-11T19:24:52.475+0000] {processor.py:914} INFO - Processing file /opt/airflow/dags/etl_variant_06.py for tasks to queue
[2026-05-11T19:24:52.476+0000] {logging_mixin.py:190} INFO - [2026-05-11T19:24:52.476+0000] {dagbag.py:588} INFO - Filling up the DagBag from /opt/airflow/dags/etl_variant_06.py
[2026-05-11T19:24:52.490+0000] {processor.py:925} INFO - DAG(s) 'etl_variant_06' retrieved from /opt/airflow/dags/etl_variant_06.py
[2026-05-11T19:24:52.518+0000] {logging_mixin.py:190} INFO - [2026-05-11T19:24:52.518+0000] {dag.py:3239} INFO - Sync 1 DAGs
[2026-05-11T19:24:52.537+0000] {logging_mixin.py:190} INFO - [2026-05-11T19:24:52.537+0000] {dag.py:4180} INFO - Setting next_dagrun for etl_variant_06 to 2026-05-11 19:15:00+00:00, run_after=2026-05-11 19:20:00+00:00
[2026-05-11T19:24:52.553+0000] {processor.py:208} INFO - Processing /opt/airflow/dags/etl_variant_06.py took 0.085 seconds
[2026-05-11T19:25:22.852+0000] {processor.py:186} INFO - Started process (PID=87) to work on /opt/airflow/dags/etl_variant_06.py
[2026-05-11T19:25:22.853+0000] {processor.py:914} INFO - Processing file /opt/airflow/dags/etl_variant_06.py for tasks to queue
[2026-05-11T19:25:22.855+0000] {logging_mixin.py:190} INFO - [2026-05-11T19:25:22.854+0000] {dagbag.py:588} INFO - Filling up the DagBag from /opt/airflow/dags/etl_variant_06.py
[2026-05-11T19:25:22.866+0000] {processor.py:925} INFO - DAG(s) 'etl_variant_06' retrieved from /opt/airflow/dags/etl_variant_06.py
[2026-05-11T19:25:22.888+0000] {logging_mixin.py:190} INFO - [2026-05-11T19:25:22.888+0000] {dag.py:3239} INFO - Sync 1 DAGs
[2026-05-11T19:25:22.908+0000] {logging_mixin.py:190} INFO - [2026-05-11T19:25:22.908+0000] {dag.py:4180} INFO - Setting next_dagrun for etl_variant_06 to 2026-05-11 19:20:00+00:00, run_after=2026-05-11 19:25:00+00:00
[2026-05-11T19:25:22.926+0000] {processor.py:208} INFO - Processing /opt/airflow/dags/etl_variant_06.py took 0.078 seconds
[2026-05-11T19:25:53.103+0000] {processor.py:186} INFO - Started process (PID=88) to work on /opt/airflow/dags/etl_variant_06.py
[2026-05-11T19:25:53.103+0000] {processor.py:914} INFO - Processing file /opt/airflow/dags/etl_variant_06.py for tasks to queue
[2026-05-11T19:25:53.105+0000] {logging_mixin.py:190} INFO - [2026-05-11T19:25:53.105+0000] {dagbag.py:588} INFO - Filling up the DagBag from /opt/airflow/dags/etl_variant_06.py
[2026-05-11T19:25:53.117+0000] {processor.py:925} INFO - DAG(s) 'etl_variant_06' retrieved from /opt/airflow/dags/etl_variant_06.py
[2026-05-11T19:25:53.142+0000] {logging_mixin.py:190} INFO - [2026-05-11T19:25:53.142+0000] {dag.py:3239} INFO - Sync 1 DAGs
[2026-05-11T19:25:53.161+0000] {logging_mixin.py:190} INFO - [2026-05-11T19:25:53.161+0000] {dag.py:4180} INFO - Setting next_dagrun for etl_variant_06 to 2026-05-11 19:20:00+00:00, run_after=2026-05-11 19:25:00+00:00
[2026-05-11T19:25:53.178+0000] {processor.py:208} INFO - Processing /opt/airflow/dags/etl_variant_06.py took 0.081 seconds
[2026-05-11T19:26:23.518+0000] {processor.py:186} INFO - Started process (PID=89) to work on /opt/airflow/dags/etl_variant_06.py
[2026-05-11T19:26:23.519+0000] {processor.py:914} INFO - Processing file /opt/airflow/dags/etl_variant_06.py for tasks to queue
[2026-05-11T19:26:23.521+0000] {logging_mixin.py:190} INFO - [2026-05-11T19:26:23.521+0000] {dagbag.py:588} INFO - Filling up the DagBag from /opt/airflow/dags/etl_variant_06.py
[2026-05-11T19:26:23.532+0000] {processor.py:925} INFO - DAG(s) 'etl_variant_06' retrieved from /opt/airflow/dags/etl_variant_06.py
[2026-05-11T19:26:23.555+0000] {logging_mixin.py:190} INFO - [2026-05-11T19:26:23.555+0000] {dag.py:3239} INFO - Sync 1 DAGs
[2026-05-11T19:26:23.582+0000] {logging_mixin.py:190} INFO - [2026-05-11T19:26:23.582+0000] {dag.py:4180} INFO - Setting next_dagrun for etl_variant_06 to 2026-05-11 19:20:00+00:00, run_after=2026-05-11 19:25:00+00:00
[2026-05-11T19:26:23.601+0000] {processor.py:208} INFO - Processing /opt/airflow/dags/etl_variant_06.py took 0.088 seconds
[2026-05-11T19:26:53.842+0000] {processor.py:186} INFO - Started process (PID=90) to work on /opt/airflow/dags/etl_variant_06.py
[2026-05-11T19:26:53.843+0000] {processor.py:914} INFO - Processing file /opt/airflow/dags/etl_variant_06.py for tasks to queue
[2026-05-11T19:26:53.845+0000] {logging_mixin.py:190} INFO - [2026-05-11T19:26:53.845+0000] {dagbag.py:588} INFO - Filling up the DagBag from /opt/airflow/dags/etl_variant_06.py
[2026-05-11T19:26:53.860+0000] {processor.py:925} INFO - DAG(s) 'etl_variant_06' retrieved from /opt/airflow/dags/etl_variant_06.py
[2026-05-11T19:26:53.883+0000] {logging_mixin.py:190} INFO - [2026-05-11T19:26:53.883+0000] {dag.py:3239} INFO - Sync 1 DAGs
[2026-05-11T19:26:53.903+0000] {logging_mixin.py:190} INFO - [2026-05-11T19:26:53.902+0000] {dag.py:4180} INFO - Setting next_dagrun for etl_variant_06 to 2026-05-11 19:20:00+00:00, run_after=2026-05-11 19:25:00+00:00
[2026-05-11T19:26:53.918+0000] {processor.py:208} INFO - Processing /opt/airflow/dags/etl_variant_06.py took 0.081 seconds
[2026-05-11T19:27:24.194+0000] {processor.py:186} INFO - Started process (PID=91) to work on /opt/airflow/dags/etl_variant_06.py
[2026-05-11T19:27:24.194+0000] {processor.py:914} INFO - Processing file /opt/airflow/dags/etl_variant_06.py for tasks to queue
[2026-05-11T19:27:24.196+0000] {logging_mixin.py:190} INFO - [2026-05-11T19:27:24.196+0000] {dagbag.py:588} INFO - Filling up the DagBag from /opt/airflow/dags/etl_variant_06.py
[2026-05-11T19:27:24.209+0000] {processor.py:925} INFO - DAG(s) 'etl_variant_06' retrieved from /opt/airflow/dags/etl_variant_06.py
[2026-05-11T19:27:24.232+0000] {logging_mixin.py:190} INFO - [2026-05-11T19:27:24.232+0000] {dag.py:3239} INFO - Sync 1 DAGs
[2026-05-11T19:27:24.251+0000] {logging_mixin.py:190} INFO - [2026-05-11T19:27:24.251+0000] {dag.py:4180} INFO - Setting next_dagrun for etl_variant_06 to 2026-05-11 19:20:00+00:00, run_after=2026-05-11 19:25:00+00:00
[2026-05-11T19:27:24.270+0000] {processor.py:208} INFO - Processing /opt/airflow/dags/etl_variant_06.py took 0.081 seconds
[2026-05-11T19:27:54.509+0000] {processor.py:186} INFO - Started process (PID=92) to work on /opt/airflow/dags/etl_variant_06.py
[2026-05-11T19:27:54.510+0000] {processor.py:914} INFO - Processing file /opt/airflow/dags/etl_variant_06.py for tasks to queue
[2026-05-11T19:27:54.513+0000] {logging_mixin.py:190} INFO - [2026-05-11T19:27:54.513+0000] {dagbag.py:588} INFO - Filling up the DagBag from /opt/airflow/dags/etl_variant_06.py
[2026-05-11T19:27:54.530+0000] {processor.py:925} INFO - DAG(s) 'etl_variant_06' retrieved from /opt/airflow/dags/etl_variant_06.py
[2026-05-11T19:27:54.557+0000] {logging_mixin.py:190} INFO - [2026-05-11T19:27:54.557+0000] {dag.py:3239} INFO - Sync 1 DAGs
[2026-05-11T19:27:54.576+0000] {logging_mixin.py:190} INFO - [2026-05-11T19:27:54.576+0000] {dag.py:4180} INFO - Setting next_dagrun for etl_variant_06 to 2026-05-11 19:20:00+00:00, run_after=2026-05-11 19:25:00+00:00
[2026-05-11T19:27:54.595+0000] {processor.py:208} INFO - Processing /opt/airflow/dags/etl_variant_06.py took 0.093 seconds
[2026-05-11T19:28:24.848+0000] {processor.py:186} INFO - Started process (PID=93) to work on /opt/airflow/dags/etl_variant_06.py
[2026-05-11T19:28:24.848+0000] {processor.py:914} INFO - Processing file /opt/airflow/dags/etl_variant_06.py for tasks to queue
[2026-05-11T19:28:24.850+0000] {logging_mixin.py:190} INFO - [2026-05-11T19:28:24.850+0000] {dagbag.py:588} INFO - Filling up the DagBag from /opt/airflow/dags/etl_variant_06.py
[2026-05-11T19:28:24.862+0000] {processor.py:925} INFO - DAG(s) 'etl_variant_06' retrieved from /opt/airflow/dags/etl_variant_06.py
[2026-05-11T19:28:24.907+0000] {logging_mixin.py:190} INFO - [2026-05-11T19:28:24.907+0000] {dag.py:3239} INFO - Sync 1 DAGs
[2026-05-11T19:28:24.936+0000] {logging_mixin.py:190} INFO - [2026-05-11T19:28:24.936+0000] {dag.py:4180} INFO - Setting next_dagrun for etl_variant_06 to 2026-05-11 19:20:00+00:00, run_after=2026-05-11 19:25:00+00:00
[2026-05-11T19:28:24.955+0000] {processor.py:208} INFO - Processing /opt/airflow/dags/etl_variant_06.py took 0.112 seconds
[2026-05-11T19:28:55.290+0000] {processor.py:186} INFO - Started process (PID=94) to work on /opt/airflow/dags/etl_variant_06.py
[2026-05-11T19:28:55.290+0000] {processor.py:914} INFO - Processing file /opt/airflow/dags/etl_variant_06.py for tasks to queue
[2026-05-11T19:28:55.292+0000] {logging_mixin.py:190} INFO - [2026-05-11T19:28:55.292+0000] {dagbag.py:588} INFO - Filling up the DagBag from /opt/airflow/dags/etl_variant_06.py
[2026-05-11T19:28:55.304+0000] {processor.py:925} INFO - DAG(s) 'etl_variant_06' retrieved from /opt/airflow/dags/etl_variant_06.py
[2026-05-11T19:28:55.326+0000] {logging_mixin.py:190} INFO - [2026-05-11T19:28:55.326+0000] {dag.py:3239} INFO - Sync 1 DAGs
[2026-05-11T19:28:55.345+0000] {logging_mixin.py:190} INFO - [2026-05-11T19:28:55.345+0000] {dag.py:4180} INFO - Setting next_dagrun for etl_variant_06 to 2026-05-11 19:20:00+00:00, run_after=2026-05-11 19:25:00+00:00
[2026-05-11T19:28:55.359+0000] {processor.py:208} INFO - Processing /opt/airflow/dags/etl_variant_06.py took 0.074 seconds
[2026-05-11T19:29:25.608+0000] {processor.py:186} INFO - Started process (PID=95) to work on /opt/airflow/dags/etl_variant_06.py
[2026-05-11T19:29:25.608+0000] {processor.py:914} INFO - Processing file /opt/airflow/dags/etl_variant_06.py for tasks to queue
[2026-05-11T19:29:25.610+0000] {logging_mixin.py:190} INFO - [2026-05-11T19:29:25.610+0000] {dagbag.py:588} INFO - Filling up the DagBag from /opt/airflow/dags/etl_variant_06.py
[2026-05-11T19:29:25.624+0000] {processor.py:925} INFO - DAG(s) 'etl_variant_06' retrieved from /opt/airflow/dags/etl_variant_06.py
[2026-05-11T19:29:25.648+0000] {logging_mixin.py:190} INFO - [2026-05-11T19:29:25.648+0000] {dag.py:3239} INFO - Sync 1 DAGs
[2026-05-11T19:29:25.667+0000] {logging_mixin.py:190} INFO - [2026-05-11T19:29:25.667+0000] {dag.py:4180} INFO - Setting next_dagrun for etl_variant_06 to 2026-05-11 19:20:00+00:00, run_after=2026-05-11 19:25:00+00:00
[2026-05-11T19:29:25.683+0000] {processor.py:208} INFO - Processing /opt/airflow/dags/etl_variant_06.py took 0.080 seconds
[2026-05-11T19:29:56.068+0000] {processor.py:186} INFO - Started process (PID=96) to work on /opt/airflow/dags/etl_variant_06.py
[2026-05-11T19:29:56.069+0000] {processor.py:914} INFO - Processing file /opt/airflow/dags/etl_variant_06.py for tasks to queue
[2026-05-11T19:29:56.071+0000] {logging_mixin.py:190} INFO - [2026-05-11T19:29:56.071+0000] {dagbag.py:588} INFO - Filling up the DagBag from /opt/airflow/dags/etl_variant_06.py
[2026-05-11T19:29:56.082+0000] {processor.py:925} INFO - DAG(s) 'etl_variant_06' retrieved from /opt/airflow/dags/etl_variant_06.py
[2026-05-11T19:29:56.104+0000] {logging_mixin.py:190} INFO - [2026-05-11T19:29:56.104+0000] {dag.py:3239} INFO - Sync 1 DAGs
[2026-05-11T19:29:56.124+0000] {logging_mixin.py:190} INFO - [2026-05-11T19:29:56.124+0000] {dag.py:4180} INFO - Setting next_dagrun for etl_variant_06 to 2026-05-11 19:20:00+00:00, run_after=2026-05-11 19:25:00+00:00
[2026-05-11T19:29:56.139+0000] {processor.py:208} INFO - Processing /opt/airflow/dags/etl_variant_06.py took 0.075 seconds
[2026-05-11T19:30:26.474+0000] {processor.py:186} INFO - Started process (PID=97) to work on /opt/airflow/dags/etl_variant_06.py
[2026-05-11T19:30:26.476+0000] {processor.py:914} INFO - Processing file /opt/airflow/dags/etl_variant_06.py for tasks to queue
[2026-05-11T19:30:26.485+0000] {logging_mixin.py:190} INFO - [2026-05-11T19:30:26.485+0000] {dagbag.py:588} INFO - Filling up the DagBag from /opt/airflow/dags/etl_variant_06.py
[2026-05-11T19:30:26.558+0000] {processor.py:925} INFO - DAG(s) 'etl_variant_06' retrieved from /opt/airflow/dags/etl_variant_06.py
[2026-05-11T19:30:26.658+0000] {logging_mixin.py:190} INFO - [2026-05-11T19:30:26.658+0000] {dag.py:3239} INFO - Sync 1 DAGs
[2026-05-11T19:30:26.725+0000] {logging_mixin.py:190} INFO - [2026-05-11T19:30:26.725+0000] {dag.py:4180} INFO - Setting next_dagrun for etl_variant_06 to 2026-05-11 19:30:00+00:00, run_after=2026-05-11 19:35:00+00:00
[2026-05-11T19:30:26.772+0000] {processor.py:208} INFO - Processing /opt/airflow/dags/etl_variant_06.py took 0.323 seconds
[2026-05-11T19:30:56.946+0000] {processor.py:186} INFO - Started process (PID=110) to work on /opt/airflow/dags/etl_variant_06.py
[2026-05-11T19:30:56.949+0000] {processor.py:914} INFO - Processing file /opt/airflow/dags/etl_variant_06.py for tasks to queue
[2026-05-11T19:30:56.958+0000] {logging_mixin.py:190} INFO - [2026-05-11T19:30:56.957+0000] {dagbag.py:588} INFO - Filling up the DagBag from /opt/airflow/dags/etl_variant_06.py
[2026-05-11T19:30:57.027+0000] {processor.py:925} INFO - DAG(s) 'etl_variant_06' retrieved from /opt/airflow/dags/etl_variant_06.py
[2026-05-11T19:30:57.119+0000] {logging_mixin.py:190} INFO - [2026-05-11T19:30:57.118+0000] {dag.py:3239} INFO - Sync 1 DAGs
[2026-05-11T19:30:57.181+0000] {logging_mixin.py:190} INFO - [2026-05-11T19:30:57.181+0000] {dag.py:4180} INFO - Setting next_dagrun for etl_variant_06 to 2026-05-11 19:30:00+00:00, run_after=2026-05-11 19:35:00+00:00
[2026-05-11T19:30:57.246+0000] {processor.py:208} INFO - Processing /opt/airflow/dags/etl_variant_06.py took 0.312 seconds
[2026-05-11T19:31:27.476+0000] {processor.py:186} INFO - Started process (PID=111) to work on /opt/airflow/dags/etl_variant_06.py
[2026-05-11T19:31:27.478+0000] {processor.py:914} INFO - Processing file /opt/airflow/dags/etl_variant_06.py for tasks to queue
[2026-05-11T19:31:27.482+0000] {logging_mixin.py:190} INFO - [2026-05-11T19:31:27.482+0000] {dagbag.py:588} INFO - Filling up the DagBag from /opt/airflow/dags/etl_variant_06.py
[2026-05-11T19:31:27.512+0000] {processor.py:925} INFO - DAG(s) 'etl_variant_06' retrieved from /opt/airflow/dags/etl_variant_06.py
[2026-05-11T19:31:27.546+0000] {logging_mixin.py:190} INFO - [2026-05-11T19:31:27.546+0000] {dag.py:3239} INFO - Sync 1 DAGs
[2026-05-11T19:31:27.577+0000] {logging_mixin.py:190} INFO - [2026-05-11T19:31:27.577+0000] {dag.py:4180} INFO - Setting next_dagrun for etl_variant_06 to 2026-05-11 19:30:00+00:00, run_after=2026-05-11 19:35:00+00:00
[2026-05-11T19:31:27.600+0000] {processor.py:208} INFO - Processing /opt/airflow/dags/etl_variant_06.py took 0.133 seconds
[2026-05-11T19:31:57.917+0000] {processor.py:186} INFO - Started process (PID=112) to work on /opt/airflow/dags/etl_variant_06.py
[2026-05-11T19:31:57.918+0000] {processor.py:914} INFO - Processing file /opt/airflow/dags/etl_variant_06.py for tasks to queue
[2026-05-11T19:31:57.921+0000] {logging_mixin.py:190} INFO - [2026-05-11T19:31:57.920+0000] {dagbag.py:588} INFO - Filling up the DagBag from /opt/airflow/dags/etl_variant_06.py
[2026-05-11T19:31:57.940+0000] {processor.py:925} INFO - DAG(s) 'etl_variant_06' retrieved from /opt/airflow/dags/etl_variant_06.py
[2026-05-11T19:31:57.968+0000] {logging_mixin.py:190} INFO - [2026-05-11T19:31:57.968+0000] {dag.py:3239} INFO - Sync 1 DAGs
[2026-05-11T19:31:57.991+0000] {logging_mixin.py:190} INFO - [2026-05-11T19:31:57.991+0000] {dag.py:4180} INFO - Setting next_dagrun for etl_variant_06 to 2026-05-11 19:30:00+00:00, run_after=2026-05-11 19:35:00+00:00
[2026-05-11T19:31:58.010+0000] {processor.py:208} INFO - Processing /opt/airflow/dags/etl_variant_06.py took 0.115 seconds
[2026-05-11T19:32:28.227+0000] {processor.py:186} INFO - Started process (PID=113) to work on /opt/airflow/dags/etl_variant_06.py
[2026-05-11T19:32:28.228+0000] {processor.py:914} INFO - Processing file /opt/airflow/dags/etl_variant_06.py for tasks to queue
[2026-05-11T19:32:28.230+0000] {logging_mixin.py:190} INFO - [2026-05-11T19:32:28.230+0000] {dagbag.py:588} INFO - Filling up the DagBag from /opt/airflow/dags/etl_variant_06.py
[2026-05-11T19:32:28.245+0000] {processor.py:925} INFO - DAG(s) 'etl_variant_06' retrieved from /opt/airflow/dags/etl_variant_06.py
[2026-05-11T19:32:28.270+0000] {logging_mixin.py:190} INFO - [2026-05-11T19:32:28.270+0000] {dag.py:3239} INFO - Sync 1 DAGs
[2026-05-11T19:32:28.294+0000] {logging_mixin.py:190} INFO - [2026-05-11T19:32:28.294+0000] {dag.py:4180} INFO - Setting next_dagrun for etl_variant_06 to 2026-05-11 19:30:00+00:00, run_after=2026-05-11 19:35:00+00:00
[2026-05-11T19:32:28.312+0000] {processor.py:208} INFO - Processing /opt/airflow/dags/etl_variant_06.py took 0.092 seconds
[2026-05-11T19:32:58.673+0000] {processor.py:186} INFO - Started process (PID=114) to work on /opt/airflow/dags/etl_variant_06.py
[2026-05-11T19:32:58.673+0000] {processor.py:914} INFO - Processing file /opt/airflow/dags/etl_variant_06.py for tasks to queue
[2026-05-11T19:32:58.675+0000] {logging_mixin.py:190} INFO - [2026-05-11T19:32:58.675+0000] {dagbag.py:588} INFO - Filling up the DagBag from /opt/airflow/dags/etl_variant_06.py
[2026-05-11T19:32:58.690+0000] {processor.py:925} INFO - DAG(s) 'etl_variant_06' retrieved from /opt/airflow/dags/etl_variant_06.py
[2026-05-11T19:32:58.714+0000] {logging_mixin.py:190} INFO - [2026-05-11T19:32:58.713+0000] {dag.py:3239} INFO - Sync 1 DAGs
[2026-05-11T19:32:58.735+0000] {logging_mixin.py:190} INFO - [2026-05-11T19:32:58.735+0000] {dag.py:4180} INFO - Setting next_dagrun for etl_variant_06 to 2026-05-11 19:30:00+00:00, run_after=2026-05-11 19:35:00+00:00
[2026-05-11T19:32:58.752+0000] {processor.py:208} INFO - Processing /opt/airflow/dags/etl_variant_06.py took 0.086 seconds
[2026-05-11T19:33:29.035+0000] {processor.py:186} INFO - Started process (PID=115) to work on /opt/airflow/dags/etl_variant_06.py
[2026-05-11T19:33:29.035+0000] {processor.py:914} INFO - Processing file /opt/airflow/dags/etl_variant_06.py for tasks to queue
[2026-05-11T19:33:29.037+0000] {logging_mixin.py:190} INFO - [2026-05-11T19:33:29.037+0000] {dagbag.py:588} INFO - Filling up the DagBag from /opt/airflow/dags/etl_variant_06.py
[2026-05-11T19:33:29.051+0000] {processor.py:925} INFO - DAG(s) 'etl_variant_06' retrieved from /opt/airflow/dags/etl_variant_06.py
[2026-05-11T19:33:29.076+0000] {logging_mixin.py:190} INFO - [2026-05-11T19:33:29.076+0000] {dag.py:3239} INFO - Sync 1 DAGs
[2026-05-11T19:33:29.097+0000] {logging_mixin.py:190} INFO - [2026-05-11T19:33:29.097+0000] {dag.py:4180} INFO - Setting next_dagrun for etl_variant_06 to 2026-05-11 19:30:00+00:00, run_after=2026-05-11 19:35:00+00:00
[2026-05-11T19:33:29.114+0000] {processor.py:208} INFO - Processing /opt/airflow/dags/etl_variant_06.py took 0.086 seconds
[2026-05-11T19:33:59.423+0000] {processor.py:186} INFO - Started process (PID=116) to work on /opt/airflow/dags/etl_variant_06.py
[2026-05-11T19:33:59.424+0000] {processor.py:914} INFO - Processing file /opt/airflow/dags/etl_variant_06.py for tasks to queue
[2026-05-11T19:33:59.428+0000] {logging_mixin.py:190} INFO - [2026-05-11T19:33:59.427+0000] {dagbag.py:588} INFO - Filling up the DagBag from /opt/airflow/dags/etl_variant_06.py
[2026-05-11T19:33:59.443+0000] {processor.py:925} INFO - DAG(s) 'etl_variant_06' retrieved from /opt/airflow/dags/etl_variant_06.py
[2026-05-11T19:33:59.470+0000] {logging_mixin.py:190} INFO - [2026-05-11T19:33:59.469+0000] {dag.py:3239} INFO - Sync 1 DAGs
[2026-05-11T19:33:59.492+0000] {logging_mixin.py:190} INFO - [2026-05-11T19:33:59.492+0000] {dag.py:4180} INFO - Setting next_dagrun for etl_variant_06 to 2026-05-11 19:30:00+00:00, run_after=2026-05-11 19:35:00+00:00
[2026-05-11T19:33:59.509+0000] {processor.py:208} INFO - Processing /opt/airflow/dags/etl_variant_06.py took 0.092 seconds
[2026-05-11T19:34:29.798+0000] {processor.py:186} INFO - Started process (PID=117) to work on /opt/airflow/dags/etl_variant_06.py
[2026-05-11T19:34:29.799+0000] {processor.py:914} INFO - Processing file /opt/airflow/dags/etl_variant_06.py for tasks to queue
[2026-05-11T19:34:29.802+0000] {logging_mixin.py:190} INFO - [2026-05-11T19:34:29.802+0000] {dagbag.py:588} INFO - Filling up the DagBag from /opt/airflow/dags/etl_variant_06.py
[2026-05-11T19:34:29.818+0000] {processor.py:925} INFO - DAG(s) 'etl_variant_06' retrieved from /opt/airflow/dags/etl_variant_06.py
[2026-05-11T19:34:29.847+0000] {logging_mixin.py:190} INFO - [2026-05-11T19:34:29.847+0000] {dag.py:3239} INFO - Sync 1 DAGs
[2026-05-11T19:34:29.871+0000] {logging_mixin.py:190} INFO - [2026-05-11T19:34:29.871+0000] {dag.py:4180} INFO - Setting next_dagrun for etl_variant_06 to 2026-05-11 19:30:00+00:00, run_after=2026-05-11 19:35:00+00:00
[2026-05-11T19:34:29.893+0000] {processor.py:208} INFO - Processing /opt/airflow/dags/etl_variant_06.py took 0.102 seconds
[2026-05-11T19:35:00.135+0000] {processor.py:186} INFO - Started process (PID=118) to work on /opt/airflow/dags/etl_variant_06.py
[2026-05-11T19:35:00.137+0000] {processor.py:914} INFO - Processing file /opt/airflow/dags/etl_variant_06.py for tasks to queue
[2026-05-11T19:35:00.139+0000] {logging_mixin.py:190} INFO - [2026-05-11T19:35:00.139+0000] {dagbag.py:588} INFO - Filling up the DagBag from /opt/airflow/dags/etl_variant_06.py
[2026-05-11T19:35:00.158+0000] {processor.py:925} INFO - DAG(s) 'etl_variant_06' retrieved from /opt/airflow/dags/etl_variant_06.py
[2026-05-11T19:35:00.186+0000] {logging_mixin.py:190} INFO - [2026-05-11T19:35:00.185+0000] {dag.py:3239} INFO - Sync 1 DAGs
[2026-05-11T19:35:00.207+0000] {logging_mixin.py:190} INFO - [2026-05-11T19:35:00.207+0000] {dag.py:4180} INFO - Setting next_dagrun for etl_variant_06 to 2026-05-11 19:30:00+00:00, run_after=2026-05-11 19:35:00+00:00
[2026-05-11T19:35:00.224+0000] {processor.py:208} INFO - Processing /opt/airflow/dags/etl_variant_06.py took 0.096 seconds
[2026-05-11T19:35:30.552+0000] {processor.py:186} INFO - Started process (PID=119) to work on /opt/airflow/dags/etl_variant_06.py
[2026-05-11T19:35:30.554+0000] {processor.py:914} INFO - Processing file /opt/airflow/dags/etl_variant_06.py for tasks to queue
[2026-05-11T19:35:30.556+0000] {logging_mixin.py:190} INFO - [2026-05-11T19:35:30.556+0000] {dagbag.py:588} INFO - Filling up the DagBag from /opt/airflow/dags/etl_variant_06.py
[2026-05-11T19:35:30.577+0000] {processor.py:925} INFO - DAG(s) 'etl_variant_06' retrieved from /opt/airflow/dags/etl_variant_06.py
[2026-05-11T19:35:30.601+0000] {logging_mixin.py:190} INFO - [2026-05-11T19:35:30.600+0000] {dag.py:3239} INFO - Sync 1 DAGs
[2026-05-11T19:35:30.619+0000] {logging_mixin.py:190} INFO - [2026-05-11T19:35:30.619+0000] {dag.py:4180} INFO - Setting next_dagrun for etl_variant_06 to 2026-05-11 19:35:00+00:00, run_after=2026-05-11 19:40:00+00:00
[2026-05-11T19:35:30.634+0000] {processor.py:208} INFO - Processing /opt/airflow/dags/etl_variant_06.py took 0.088 seconds
[2026-05-11T19:36:00.857+0000] {processor.py:186} INFO - Started process (PID=120) to work on /opt/airflow/dags/etl_variant_06.py
[2026-05-11T19:36:00.858+0000] {processor.py:914} INFO - Processing file /opt/airflow/dags/etl_variant_06.py for tasks to queue
[2026-05-11T19:36:00.860+0000] {logging_mixin.py:190} INFO - [2026-05-11T19:36:00.859+0000] {dagbag.py:588} INFO - Filling up the DagBag from /opt/airflow/dags/etl_variant_06.py
[2026-05-11T19:36:00.876+0000] {processor.py:925} INFO - DAG(s) 'etl_variant_06' retrieved from /opt/airflow/dags/etl_variant_06.py
[2026-05-11T19:36:00.908+0000] {logging_mixin.py:190} INFO - [2026-05-11T19:36:00.907+0000] {dag.py:3239} INFO - Sync 1 DAGs
[2026-05-11T19:36:00.952+0000] {logging_mixin.py:190} INFO - [2026-05-11T19:36:00.951+0000] {dag.py:4180} INFO - Setting next_dagrun for etl_variant_06 to 2026-05-11 19:35:00+00:00, run_after=2026-05-11 19:40:00+00:00
[2026-05-11T19:36:00.986+0000] {processor.py:208} INFO - Processing /opt/airflow/dags/etl_variant_06.py took 0.136 seconds
[2026-05-11T19:36:31.327+0000] {processor.py:186} INFO - Started process (PID=121) to work on /opt/airflow/dags/etl_variant_06.py
[2026-05-11T19:36:31.328+0000] {processor.py:914} INFO - Processing file /opt/airflow/dags/etl_variant_06.py for tasks to queue
[2026-05-11T19:36:31.330+0000] {logging_mixin.py:190} INFO - [2026-05-11T19:36:31.330+0000] {dagbag.py:588} INFO - Filling up the DagBag from /opt/airflow/dags/etl_variant_06.py
[2026-05-11T19:36:31.347+0000] {processor.py:925} INFO - DAG(s) 'etl_variant_06' retrieved from /opt/airflow/dags/etl_variant_06.py
[2026-05-11T19:36:31.375+0000] {logging_mixin.py:190} INFO - [2026-05-11T19:36:31.375+0000] {dag.py:3239} INFO - Sync 1 DAGs
[2026-05-11T19:36:31.418+0000] {logging_mixin.py:190} INFO - [2026-05-11T19:36:31.418+0000] {dag.py:4180} INFO - Setting next_dagrun for etl_variant_06 to 2026-05-11 19:35:00+00:00, run_after=2026-05-11 19:40:00+00:00
[2026-05-11T19:36:31.446+0000] {processor.py:208} INFO - Processing /opt/airflow/dags/etl_variant_06.py took 0.127 seconds
[2026-05-11T19:37:01.659+0000] {processor.py:186} INFO - Started process (PID=122) to work on /opt/airflow/dags/etl_variant_06.py
[2026-05-11T19:37:01.661+0000] {processor.py:914} INFO - Processing file /opt/airflow/dags/etl_variant_06.py for tasks to queue
[2026-05-11T19:37:01.663+0000] {logging_mixin.py:190} INFO - [2026-05-11T19:37:01.662+0000] {dagbag.py:588} INFO - Filling up the DagBag from /opt/airflow/dags/etl_variant_06.py
[2026-05-11T19:37:01.678+0000] {processor.py:925} INFO - DAG(s) 'etl_variant_06' retrieved from /opt/airflow/dags/etl_variant_06.py
[2026-05-11T19:37:01.703+0000] {logging_mixin.py:190} INFO - [2026-05-11T19:37:01.703+0000] {dag.py:3239} INFO - Sync 1 DAGs
[2026-05-11T19:37:01.726+0000] {logging_mixin.py:190} INFO - [2026-05-11T19:37:01.726+0000] {dag.py:4180} INFO - Setting next_dagrun for etl_variant_06 to 2026-05-11 19:35:00+00:00, run_after=2026-05-11 19:40:00+00:00
[2026-05-11T19:37:01.742+0000] {processor.py:208} INFO - Processing /opt/airflow/dags/etl_variant_06.py took 0.089 seconds
[2026-05-11T19:37:32.082+0000] {processor.py:186} INFO - Started process (PID=123) to work on /opt/airflow/dags/etl_variant_06.py
[2026-05-11T19:37:32.082+0000] {processor.py:914} INFO - Processing file /opt/airflow/dags/etl_variant_06.py for tasks to queue
[2026-05-11T19:37:32.087+0000] {logging_mixin.py:190} INFO - [2026-05-11T19:37:32.087+0000] {dagbag.py:588} INFO - Filling up the DagBag from /opt/airflow/dags/etl_variant_06.py
[2026-05-11T19:37:32.109+0000] {processor.py:925} INFO - DAG(s) 'etl_variant_06' retrieved from /opt/airflow/dags/etl_variant_06.py
[2026-05-11T19:37:32.144+0000] {logging_mixin.py:190} INFO - [2026-05-11T19:37:32.144+0000] {dag.py:3239} INFO - Sync 1 DAGs
[2026-05-11T19:37:32.176+0000] {logging_mixin.py:190} INFO - [2026-05-11T19:37:32.176+0000] {dag.py:4180} INFO - Setting next_dagrun for etl_variant_06 to 2026-05-11 19:35:00+00:00, run_after=2026-05-11 19:40:00+00:00
[2026-05-11T19:37:32.244+0000] {processor.py:208} INFO - Processing /opt/airflow/dags/etl_variant_06.py took 0.170 seconds
[2026-05-11T19:38:02.419+0000] {processor.py:186} INFO - Started process (PID=124) to work on /opt/airflow/dags/etl_variant_06.py
[2026-05-11T19:38:02.420+0000] {processor.py:914} INFO - Processing file /opt/airflow/dags/etl_variant_06.py for tasks to queue
[2026-05-11T19:38:02.422+0000] {logging_mixin.py:190} INFO - [2026-05-11T19:38:02.422+0000] {dagbag.py:588} INFO - Filling up the DagBag from /opt/airflow/dags/etl_variant_06.py
[2026-05-11T19:38:02.436+0000] {processor.py:925} INFO - DAG(s) 'etl_variant_06' retrieved from /opt/airflow/dags/etl_variant_06.py
[2026-05-11T19:38:02.463+0000] {logging_mixin.py:190} INFO - [2026-05-11T19:38:02.462+0000] {dag.py:3239} INFO - Sync 1 DAGs
[2026-05-11T19:38:02.484+0000] {logging_mixin.py:190} INFO - [2026-05-11T19:38:02.484+0000] {dag.py:4180} INFO - Setting next_dagrun for etl_variant_06 to 2026-05-11 19:35:00+00:00, run_after=2026-05-11 19:40:00+00:00
[2026-05-11T19:38:02.504+0000] {processor.py:208} INFO - Processing /opt/airflow/dags/etl_variant_06.py took 0.093 seconds
[2026-05-11T19:38:32.752+0000] {processor.py:186} INFO - Started process (PID=125) to work on /opt/airflow/dags/etl_variant_06.py
[2026-05-11T19:38:32.753+0000] {processor.py:914} INFO - Processing file /opt/airflow/dags/etl_variant_06.py for tasks to queue
[2026-05-11T19:38:32.756+0000] {logging_mixin.py:190} INFO - [2026-05-11T19:38:32.755+0000] {dagbag.py:588} INFO - Filling up the DagBag from /opt/airflow/dags/etl_variant_06.py
[2026-05-11T19:38:32.769+0000] {processor.py:925} INFO - DAG(s) 'etl_variant_06' retrieved from /opt/airflow/dags/etl_variant_06.py
[2026-05-11T19:38:32.796+0000] {logging_mixin.py:190} INFO - [2026-05-11T19:38:32.795+0000] {dag.py:3239} INFO - Sync 1 DAGs
[2026-05-11T19:38:32.819+0000] {logging_mixin.py:190} INFO - [2026-05-11T19:38:32.818+0000] {dag.py:4180} INFO - Setting next_dagrun for etl_variant_06 to 2026-05-11 19:35:00+00:00, run_after=2026-05-11 19:40:00+00:00
[2026-05-11T19:38:32.839+0000] {processor.py:208} INFO - Processing /opt/airflow/dags/etl_variant_06.py took 0.094 seconds
[2026-05-11T19:39:03.173+0000] {processor.py:186} INFO - Started process (PID=126) to work on /opt/airflow/dags/etl_variant_06.py
[2026-05-11T19:39:03.174+0000] {processor.py:914} INFO - Processing file /opt/airflow/dags/etl_variant_06.py for tasks to queue
[2026-05-11T19:39:03.176+0000] {logging_mixin.py:190} INFO - [2026-05-11T19:39:03.176+0000] {dagbag.py:588} INFO - Filling up the DagBag from /opt/airflow/dags/etl_variant_06.py
[2026-05-11T19:39:03.191+0000] {processor.py:925} INFO - DAG(s) 'etl_variant_06' retrieved from /opt/airflow/dags/etl_variant_06.py
[2026-05-11T19:39:03.223+0000] {logging_mixin.py:190} INFO - [2026-05-11T19:39:03.223+0000] {dag.py:3239} INFO - Sync 1 DAGs
[2026-05-11T19:39:03.252+0000] {logging_mixin.py:190} INFO - [2026-05-11T19:39:03.251+0000] {dag.py:4180} INFO - Setting next_dagrun for etl_variant_06 to 2026-05-11 19:35:00+00:00, run_after=2026-05-11 19:40:00+00:00
[2026-05-11T19:39:03.270+0000] {processor.py:208} INFO - Processing /opt/airflow/dags/etl_variant_06.py took 0.104 seconds
[2026-05-11T19:39:33.546+0000] {processor.py:186} INFO - Started process (PID=127) to work on /opt/airflow/dags/etl_variant_06.py
[2026-05-11T19:39:33.548+0000] {processor.py:914} INFO - Processing file /opt/airflow/dags/etl_variant_06.py for tasks to queue
[2026-05-11T19:39:33.550+0000] {logging_mixin.py:190} INFO - [2026-05-11T19:39:33.549+0000] {dagbag.py:588} INFO - Filling up the DagBag from /opt/airflow/dags/etl_variant_06.py
[2026-05-11T19:39:33.588+0000] {processor.py:925} INFO - DAG(s) 'etl_variant_06' retrieved from /opt/airflow/dags/etl_variant_06.py
[2026-05-11T19:39:33.623+0000] {logging_mixin.py:190} INFO - [2026-05-11T19:39:33.623+0000] {dag.py:3239} INFO - Sync 1 DAGs
[2026-05-11T19:39:33.653+0000] {logging_mixin.py:190} INFO - [2026-05-11T19:39:33.653+0000] {dag.py:4180} INFO - Setting next_dagrun for etl_variant_06 to 2026-05-11 19:35:00+00:00, run_after=2026-05-11 19:40:00+00:00
[2026-05-11T19:39:33.676+0000] {processor.py:208} INFO - Processing /opt/airflow/dags/etl_variant_06.py took 0.137 seconds
[2026-05-11T19:40:03.935+0000] {processor.py:186} INFO - Started process (PID=128) to work on /opt/airflow/dags/etl_variant_06.py
[2026-05-11T19:40:03.936+0000] {processor.py:914} INFO - Processing file /opt/airflow/dags/etl_variant_06.py for tasks to queue
[2026-05-11T19:40:03.938+0000] {logging_mixin.py:190} INFO - [2026-05-11T19:40:03.938+0000] {dagbag.py:588} INFO - Filling up the DagBag from /opt/airflow/dags/etl_variant_06.py
[2026-05-11T19:40:03.968+0000] {processor.py:925} INFO - DAG(s) 'etl_variant_06' retrieved from /opt/airflow/dags/etl_variant_06.py
[2026-05-11T19:40:04.002+0000] {logging_mixin.py:190} INFO - [2026-05-11T19:40:04.002+0000] {dag.py:3239} INFO - Sync 1 DAGs
[2026-05-11T19:40:04.029+0000] {logging_mixin.py:190} INFO - [2026-05-11T19:40:04.029+0000] {dag.py:4180} INFO - Setting next_dagrun for etl_variant_06 to 2026-05-11 19:40:00+00:00, run_after=2026-05-11 19:45:00+00:00
[2026-05-11T19:40:04.052+0000] {processor.py:208} INFO - Processing /opt/airflow/dags/etl_variant_06.py took 0.127 seconds
[2026-05-11T19:40:34.246+0000] {processor.py:186} INFO - Started process (PID=129) to work on /opt/airflow/dags/etl_variant_06.py
[2026-05-11T19:40:34.247+0000] {processor.py:914} INFO - Processing file /opt/airflow/dags/etl_variant_06.py for tasks to queue
[2026-05-11T19:40:34.250+0000] {logging_mixin.py:190} INFO - [2026-05-11T19:40:34.249+0000] {dagbag.py:588} INFO - Filling up the DagBag from /opt/airflow/dags/etl_variant_06.py
[2026-05-11T19:40:34.267+0000] {processor.py:925} INFO - DAG(s) 'etl_variant_06' retrieved from /opt/airflow/dags/etl_variant_06.py
[2026-05-11T19:40:34.295+0000] {logging_mixin.py:190} INFO - [2026-05-11T19:40:34.294+0000] {dag.py:3239} INFO - Sync 1 DAGs
[2026-05-11T19:40:34.320+0000] {logging_mixin.py:190} INFO - [2026-05-11T19:40:34.320+0000] {dag.py:4180} INFO - Setting next_dagrun for etl_variant_06 to 2026-05-11 19:40:00+00:00, run_after=2026-05-11 19:45:00+00:00
[2026-05-11T19:40:34.341+0000] {processor.py:208} INFO - Processing /opt/airflow/dags/etl_variant_06.py took 0.103 seconds
[2026-05-11T19:41:04.630+0000] {processor.py:186} INFO - Started process (PID=130) to work on /opt/airflow/dags/etl_variant_06.py
[2026-05-11T19:41:04.631+0000] {processor.py:914} INFO - Processing file /opt/airflow/dags/etl_variant_06.py for tasks to queue
[2026-05-11T19:41:04.634+0000] {logging_mixin.py:190} INFO - [2026-05-11T19:41:04.633+0000] {dagbag.py:588} INFO - Filling up the DagBag from /opt/airflow/dags/etl_variant_06.py
[2026-05-11T19:41:04.650+0000] {processor.py:925} INFO - DAG(s) 'etl_variant_06' retrieved from /opt/airflow/dags/etl_variant_06.py
[2026-05-11T19:41:04.676+0000] {logging_mixin.py:190} INFO - [2026-05-11T19:41:04.675+0000] {dag.py:3239} INFO - Sync 1 DAGs
[2026-05-11T19:41:04.699+0000] {logging_mixin.py:190} INFO - [2026-05-11T19:41:04.699+0000] {dag.py:4180} INFO - Setting next_dagrun for etl_variant_06 to 2026-05-11 19:40:00+00:00, run_after=2026-05-11 19:45:00+00:00
[2026-05-11T19:41:04.715+0000] {processor.py:208} INFO - Processing /opt/airflow/dags/etl_variant_06.py took 0.092 seconds
[2026-05-11T19:41:34.980+0000] {processor.py:186} INFO - Started process (PID=131) to work on /opt/airflow/dags/etl_variant_06.py
[2026-05-11T19:41:34.981+0000] {processor.py:914} INFO - Processing file /opt/airflow/dags/etl_variant_06.py for tasks to queue
[2026-05-11T19:41:34.984+0000] {logging_mixin.py:190} INFO - [2026-05-11T19:41:34.984+0000] {dagbag.py:588} INFO - Filling up the DagBag from /opt/airflow/dags/etl_variant_06.py
[2026-05-11T19:41:35.001+0000] {processor.py:925} INFO - DAG(s) 'etl_variant_06' retrieved from /opt/airflow/dags/etl_variant_06.py
[2026-05-11T19:41:35.033+0000] {logging_mixin.py:190} INFO - [2026-05-11T19:41:35.033+0000] {dag.py:3239} INFO - Sync 1 DAGs
[2026-05-11T19:41:35.059+0000] {logging_mixin.py:190} INFO - [2026-05-11T19:41:35.059+0000] {dag.py:4180} INFO - Setting next_dagrun for etl_variant_06 to 2026-05-11 19:40:00+00:00, run_after=2026-05-11 19:45:00+00:00
[2026-05-11T19:41:35.080+0000] {processor.py:208} INFO - Processing /opt/airflow/dags/etl_variant_06.py took 0.108 seconds
[2026-05-11T19:42:05.364+0000] {processor.py:186} INFO - Started process (PID=132) to work on /opt/airflow/dags/etl_variant_06.py
[2026-05-11T19:42:05.365+0000] {processor.py:914} INFO - Processing file /opt/airflow/dags/etl_variant_06.py for tasks to queue
[2026-05-11T19:42:05.377+0000] {logging_mixin.py:190} INFO - [2026-05-11T19:42:05.376+0000] {dagbag.py:588} INFO - Filling up the DagBag from /opt/airflow/dags/etl_variant_06.py
[2026-05-11T19:42:05.398+0000] {processor.py:925} INFO - DAG(s) 'etl_variant_06' retrieved from /opt/airflow/dags/etl_variant_06.py
[2026-05-11T19:42:05.436+0000] {logging_mixin.py:190} INFO - [2026-05-11T19:42:05.435+0000] {dag.py:3239} INFO - Sync 1 DAGs
[2026-05-11T19:42:05.473+0000] {logging_mixin.py:190} INFO - [2026-05-11T19:42:05.473+0000] {dag.py:4180} INFO - Setting next_dagrun for etl_variant_06 to 2026-05-11 19:40:00+00:00, run_after=2026-05-11 19:45:00+00:00
[2026-05-11T19:42:05.499+0000] {processor.py:208} INFO - Processing /opt/airflow/dags/etl_variant_06.py took 0.143 seconds
[2026-05-11T19:42:35.737+0000] {processor.py:186} INFO - Started process (PID=133) to work on /opt/airflow/dags/etl_variant_06.py
[2026-05-11T19:42:35.738+0000] {processor.py:914} INFO - Processing file /opt/airflow/dags/etl_variant_06.py for tasks to queue
[2026-05-11T19:42:35.741+0000] {logging_mixin.py:190} INFO - [2026-05-11T19:42:35.740+0000] {dagbag.py:588} INFO - Filling up the DagBag from /opt/airflow/dags/etl_variant_06.py
[2026-05-11T19:42:35.767+0000] {processor.py:925} INFO - DAG(s) 'etl_variant_06' retrieved from /opt/airflow/dags/etl_variant_06.py
[2026-05-11T19:42:35.801+0000] {logging_mixin.py:190} INFO - [2026-05-11T19:42:35.800+0000] {dag.py:3239} INFO - Sync 1 DAGs
[2026-05-11T19:42:35.827+0000] {logging_mixin.py:190} INFO - [2026-05-11T19:42:35.827+0000] {dag.py:4180} INFO - Setting next_dagrun for etl_variant_06 to 2026-05-11 19:40:00+00:00, run_after=2026-05-11 19:45:00+00:00
[2026-05-11T19:42:35.845+0000] {processor.py:208} INFO - Processing /opt/airflow/dags/etl_variant_06.py took 0.119 seconds
[2026-05-11T19:43:06.093+0000] {processor.py:186} INFO - Started process (PID=134) to work on /opt/airflow/dags/etl_variant_06.py
[2026-05-11T19:43:06.094+0000] {processor.py:914} INFO - Processing file /opt/airflow/dags/etl_variant_06.py for tasks to queue
[2026-05-11T19:43:06.098+0000] {logging_mixin.py:190} INFO - [2026-05-11T19:43:06.097+0000] {dagbag.py:588} INFO - Filling up the DagBag from /opt/airflow/dags/etl_variant_06.py
[2026-05-11T19:43:06.118+0000] {processor.py:925} INFO - DAG(s) 'etl_variant_06' retrieved from /opt/airflow/dags/etl_variant_06.py
[2026-05-11T19:43:06.149+0000] {logging_mixin.py:190} INFO - [2026-05-11T19:43:06.149+0000] {dag.py:3239} INFO - Sync 1 DAGs
[2026-05-11T19:43:06.174+0000] {logging_mixin.py:190} INFO - [2026-05-11T19:43:06.174+0000] {dag.py:4180} INFO - Setting next_dagrun for etl_variant_06 to 2026-05-11 19:40:00+00:00, run_after=2026-05-11 19:45:00+00:00
[2026-05-11T19:43:06.195+0000] {processor.py:208} INFO - Processing /opt/airflow/dags/etl_variant_06.py took 0.111 seconds
[2026-05-11T19:43:36.471+0000] {processor.py:186} INFO - Started process (PID=135) to work on /opt/airflow/dags/etl_variant_06.py
[2026-05-11T19:43:36.472+0000] {processor.py:914} INFO - Processing file /opt/airflow/dags/etl_variant_06.py for tasks to queue
[2026-05-11T19:43:36.474+0000] {logging_mixin.py:190} INFO - [2026-05-11T19:43:36.474+0000] {dagbag.py:588} INFO - Filling up the DagBag from /opt/airflow/dags/etl_variant_06.py
[2026-05-11T19:43:36.489+0000] {processor.py:925} INFO - DAG(s) 'etl_variant_06' retrieved from /opt/airflow/dags/etl_variant_06.py
[2026-05-11T19:43:36.524+0000] {logging_mixin.py:190} INFO - [2026-05-11T19:43:36.524+0000] {dag.py:3239} INFO - Sync 1 DAGs
[2026-05-11T19:43:36.561+0000] {logging_mixin.py:190} INFO - [2026-05-11T19:43:36.560+0000] {dag.py:4180} INFO - Setting next_dagrun for etl_variant_06 to 2026-05-11 19:40:00+00:00, run_after=2026-05-11 19:45:00+00:00
[2026-05-11T19:43:36.586+0000] {processor.py:208} INFO - Processing /opt/airflow/dags/etl_variant_06.py took 0.122 seconds
[2026-05-11T19:44:06.804+0000] {processor.py:186} INFO - Started process (PID=136) to work on /opt/airflow/dags/etl_variant_06.py
[2026-05-11T19:44:06.806+0000] {processor.py:914} INFO - Processing file /opt/airflow/dags/etl_variant_06.py for tasks to queue
[2026-05-11T19:44:06.808+0000] {logging_mixin.py:190} INFO - [2026-05-11T19:44:06.808+0000] {dagbag.py:588} INFO - Filling up the DagBag from /opt/airflow/dags/etl_variant_06.py
[2026-05-11T19:44:06.824+0000] {processor.py:925} INFO - DAG(s) 'etl_variant_06' retrieved from /opt/airflow/dags/etl_variant_06.py
[2026-05-11T19:44:06.854+0000] {logging_mixin.py:190} INFO - [2026-05-11T19:44:06.853+0000] {dag.py:3239} INFO - Sync 1 DAGs
[2026-05-11T19:44:06.877+0000] {logging_mixin.py:190} INFO - [2026-05-11T19:44:06.877+0000] {dag.py:4180} INFO - Setting next_dagrun for etl_variant_06 to 2026-05-11 19:40:00+00:00, run_after=2026-05-11 19:45:00+00:00
[2026-05-11T19:44:06.898+0000] {processor.py:208} INFO - Processing /opt/airflow/dags/etl_variant_06.py took 0.101 seconds
[2026-05-11T19:44:37.142+0000] {processor.py:186} INFO - Started process (PID=137) to work on /opt/airflow/dags/etl_variant_06.py
[2026-05-11T19:44:37.143+0000] {processor.py:914} INFO - Processing file /opt/airflow/dags/etl_variant_06.py for tasks to queue
[2026-05-11T19:44:37.146+0000] {logging_mixin.py:190} INFO - [2026-05-11T19:44:37.146+0000] {dagbag.py:588} INFO - Filling up the DagBag from /opt/airflow/dags/etl_variant_06.py
[2026-05-11T19:44:37.165+0000] {processor.py:925} INFO - DAG(s) 'etl_variant_06' retrieved from /opt/airflow/dags/etl_variant_06.py
[2026-05-11T19:44:37.198+0000] {logging_mixin.py:190} INFO - [2026-05-11T19:44:37.198+0000] {dag.py:3239} INFO - Sync 1 DAGs
[2026-05-11T19:44:37.222+0000] {logging_mixin.py:190} INFO - [2026-05-11T19:44:37.222+0000] {dag.py:4180} INFO - Setting next_dagrun for etl_variant_06 to 2026-05-11 19:40:00+00:00, run_after=2026-05-11 19:45:00+00:00
[2026-05-11T19:44:37.243+0000] {processor.py:208} INFO - Processing /opt/airflow/dags/etl_variant_06.py took 0.108 seconds
[2026-05-11T19:45:07.494+0000] {processor.py:186} INFO - Started process (PID=138) to work on /opt/airflow/dags/etl_variant_06.py
[2026-05-11T19:45:07.495+0000] {processor.py:914} INFO - Processing file /opt/airflow/dags/etl_variant_06.py for tasks to queue
[2026-05-11T19:45:07.497+0000] {logging_mixin.py:190} INFO - [2026-05-11T19:45:07.497+0000] {dagbag.py:588} INFO - Filling up the DagBag from /opt/airflow/dags/etl_variant_06.py
[2026-05-11T19:45:07.511+0000] {processor.py:925} INFO - DAG(s) 'etl_variant_06' retrieved from /opt/airflow/dags/etl_variant_06.py
[2026-05-11T19:45:07.535+0000] {logging_mixin.py:190} INFO - [2026-05-11T19:45:07.535+0000] {dag.py:3239} INFO - Sync 1 DAGs
[2026-05-11T19:45:07.557+0000] {logging_mixin.py:190} INFO - [2026-05-11T19:45:07.557+0000] {dag.py:4180} INFO - Setting next_dagrun for etl_variant_06 to 2026-05-11 19:45:00+00:00, run_after=2026-05-11 19:50:00+00:00
[2026-05-11T19:45:07.575+0000] {processor.py:208} INFO - Processing /opt/airflow/dags/etl_variant_06.py took 0.086 seconds
[2026-05-11T19:45:37.818+0000] {processor.py:186} INFO - Started process (PID=139) to work on /opt/airflow/dags/etl_variant_06.py
[2026-05-11T19:45:37.819+0000] {processor.py:914} INFO - Processing file /opt/airflow/dags/etl_variant_06.py for tasks to queue
[2026-05-11T19:45:37.822+0000] {logging_mixin.py:190} INFO - [2026-05-11T19:45:37.821+0000] {dagbag.py:588} INFO - Filling up the DagBag from /opt/airflow/dags/etl_variant_06.py
[2026-05-11T19:45:37.852+0000] {processor.py:925} INFO - DAG(s) 'etl_variant_06' retrieved from /opt/airflow/dags/etl_variant_06.py
[2026-05-11T19:45:37.877+0000] {logging_mixin.py:190} INFO - [2026-05-11T19:45:37.877+0000] {dag.py:3239} INFO - Sync 1 DAGs
[2026-05-11T19:45:37.899+0000] {logging_mixin.py:190} INFO - [2026-05-11T19:45:37.899+0000] {dag.py:4180} INFO - Setting next_dagrun for etl_variant_06 to 2026-05-11 19:45:00+00:00, run_after=2026-05-11 19:50:00+00:00
[2026-05-11T19:45:37.918+0000] {processor.py:208} INFO - Processing /opt/airflow/dags/etl_variant_06.py took 0.106 seconds
