[2026-05-11T20:10:03.902+0000] {local_task_job_runner.py:123} INFO - ::group::Pre task execution logs
[2026-05-11T20:10:03.921+0000] {taskinstance.py:2614} INFO - Dependencies all met for dep_context=non-requeueable deps ti=<TaskInstance: etl_variant_06.transform scheduled__2026-05-11T20:05:00+00:00 [queued]>
[2026-05-11T20:10:03.932+0000] {taskinstance.py:2614} INFO - Dependencies all met for dep_context=requeueable deps ti=<TaskInstance: etl_variant_06.transform scheduled__2026-05-11T20:05:00+00:00 [queued]>
[2026-05-11T20:10:03.932+0000] {taskinstance.py:2867} INFO - Starting attempt 1 of 1
[2026-05-11T20:10:03.945+0000] {taskinstance.py:2890} INFO - Executing <Task(BashOperator): transform> on 2026-05-11 20:05:00+00:00
[2026-05-11T20:10:03.950+0000] {warnings.py:112} WARNING - /home/airflow/.local/lib/python3.12/site-packages/airflow/task/task_runner/standard_task_runner.py:70: DeprecationWarning: This process (pid=561) is multi-threaded, use of fork() may lead to deadlocks in the child.
  pid = os.fork()

[2026-05-11T20:10:03.952+0000] {standard_task_runner.py:72} INFO - Started process 562 to run task
[2026-05-11T20:10:03.952+0000] {standard_task_runner.py:104} INFO - Running: ['airflow', 'tasks', 'run', 'etl_variant_06', 'transform', 'scheduled__2026-05-11T20:05:00+00:00', '--job-id', '44', '--raw', '--subdir', 'DAGS_FOLDER/etl_variant_06.py', '--cfg-path', '/tmp/tmpghl9fjyv']
[2026-05-11T20:10:03.953+0000] {standard_task_runner.py:105} INFO - Job 44: Subtask transform
[2026-05-11T20:10:04.008+0000] {task_command.py:467} INFO - Running <TaskInstance: etl_variant_06.transform scheduled__2026-05-11T20:05:00+00:00 [running]> on host d1b991a5d492
[2026-05-11T20:10:04.091+0000] {taskinstance.py:3134} INFO - Exporting env vars: AIRFLOW_CTX_DAG_OWNER='airflow' AIRFLOW_CTX_DAG_ID='etl_variant_06' AIRFLOW_CTX_TASK_ID='transform' AIRFLOW_CTX_EXECUTION_DATE='2026-05-11T20:05:00+00:00' AIRFLOW_CTX_TRY_NUMBER='1' AIRFLOW_CTX_DAG_RUN_ID='scheduled__2026-05-11T20:05:00+00:00'
[2026-05-11T20:10:04.092+0000] {taskinstance.py:732} INFO - ::endgroup::
[2026-05-11T20:10:04.105+0000] {subprocess.py:78} INFO - Tmp dir root location: /tmp
[2026-05-11T20:10:04.107+0000] {subprocess.py:88} INFO - Running command: ['/usr/bin/bash', '-c', 'cd /opt/airflow/project && export PYTHONIOENCODING=UTF-8 && python src/etl_steps.py transform --config configs/variant_06.yml --mode full']
[2026-05-11T20:10:04.118+0000] {subprocess.py:99} INFO - Output:
[2026-05-11T20:10:05.826+0000] {subprocess.py:106} INFO - NORMALIZED обновлен
[2026-05-11T20:10:05.827+0000] {subprocess.py:106} INFO - MART обновлен
[2026-05-11T20:10:05.827+0000] {subprocess.py:106} INFO - config used: configs/variant_06.yml
[2026-05-11T20:10:05.828+0000] {subprocess.py:106} INFO - raw source: data/raw/JP_TYO/JP_TYO_20260511_201002.json
[2026-05-11T20:10:05.828+0000] {subprocess.py:106} INFO - normalized rows: 696
[2026-05-11T20:10:05.828+0000] {subprocess.py:106} INFO - mart rows: 29
[2026-05-11T20:10:05.829+0000] {subprocess.py:106} INFO - saved files: data/normalized/normalized.csv, data/mart/mart.csv
[2026-05-11T20:10:05.914+0000] {subprocess.py:110} INFO - Command exited with return code 0
[2026-05-11T20:10:05.941+0000] {taskinstance.py:341} INFO - ::group::Post task execution logs
[2026-05-11T20:10:05.941+0000] {taskinstance.py:353} INFO - Marking task as SUCCESS. dag_id=etl_variant_06, task_id=transform, run_id=scheduled__2026-05-11T20:05:00+00:00, execution_date=20260511T200500, start_date=20260511T201003, end_date=20260511T201005
[2026-05-11T20:10:05.993+0000] {local_task_job_runner.py:266} INFO - Task exited with return code 0
[2026-05-11T20:10:06.017+0000] {taskinstance.py:3901} INFO - 1 downstream tasks scheduled from follow-on schedule check
[2026-05-11T20:10:06.020+0000] {local_task_job_runner.py:245} INFO - ::endgroup::
