[2026-05-11T19:50:00.971+0000] {local_task_job_runner.py:123} INFO - ::group::Pre task execution logs
[2026-05-11T19:50:00.985+0000] {taskinstance.py:2614} INFO - Dependencies all met for dep_context=non-requeueable deps ti=<TaskInstance: etl_variant_06.extract scheduled__2026-05-11T19:45:00+00:00 [queued]>
[2026-05-11T19:50:00.992+0000] {taskinstance.py:2614} INFO - Dependencies all met for dep_context=requeueable deps ti=<TaskInstance: etl_variant_06.extract scheduled__2026-05-11T19:45:00+00:00 [queued]>
[2026-05-11T19:50:00.992+0000] {taskinstance.py:2867} INFO - Starting attempt 1 of 1
[2026-05-11T19:50:01.003+0000] {taskinstance.py:2890} INFO - Executing <Task(BashOperator): extract> on 2026-05-11 19:45:00+00:00
[2026-05-11T19:50:01.008+0000] {warnings.py:112} WARNING - /home/airflow/.local/lib/python3.12/site-packages/airflow/task/task_runner/standard_task_runner.py:70: DeprecationWarning: This process (pid=357) is multi-threaded, use of fork() may lead to deadlocks in the child.
  pid = os.fork()

[2026-05-11T19:50:01.010+0000] {standard_task_runner.py:72} INFO - Started process 358 to run task
[2026-05-11T19:50:01.010+0000] {standard_task_runner.py:104} INFO - Running: ['airflow', 'tasks', 'run', 'etl_variant_06', 'extract', 'scheduled__2026-05-11T19:45:00+00:00', '--job-id', '27', '--raw', '--subdir', 'DAGS_FOLDER/etl_variant_06.py', '--cfg-path', '/tmp/tmpxpckhjrk']
[2026-05-11T19:50:01.011+0000] {standard_task_runner.py:105} INFO - Job 27: Subtask extract
[2026-05-11T19:50:01.061+0000] {task_command.py:467} INFO - Running <TaskInstance: etl_variant_06.extract scheduled__2026-05-11T19:45:00+00:00 [running]> on host d1b991a5d492
[2026-05-11T19:50:01.133+0000] {taskinstance.py:3134} INFO - Exporting env vars: AIRFLOW_CTX_DAG_OWNER='airflow' AIRFLOW_CTX_DAG_ID='etl_variant_06' AIRFLOW_CTX_TASK_ID='extract' AIRFLOW_CTX_EXECUTION_DATE='2026-05-11T19:45:00+00:00' AIRFLOW_CTX_TRY_NUMBER='1' AIRFLOW_CTX_DAG_RUN_ID='scheduled__2026-05-11T19:45:00+00:00'
[2026-05-11T19:50:01.133+0000] {taskinstance.py:732} INFO - ::endgroup::
[2026-05-11T19:50:01.145+0000] {subprocess.py:78} INFO - Tmp dir root location: /tmp
[2026-05-11T19:50:01.146+0000] {subprocess.py:88} INFO - Running command: ['/usr/bin/bash', '-c', 'cd /opt/airflow/project && export PYTHONIOENCODING=UTF-8 && python src/etl_steps.py extract --config configs/variant_06.yml --mode full']
[2026-05-11T19:50:01.154+0000] {subprocess.py:99} INFO - Output:
[2026-05-11T19:50:02.743+0000] {subprocess.py:106} INFO - extract mode: full
[2026-05-11T19:50:02.743+0000] {subprocess.py:106} INFO - config source: open_meteo
[2026-05-11T19:50:02.744+0000] {subprocess.py:106} INFO - request period: 2026-02-01 -> 2026-03-01
[2026-05-11T19:50:02.744+0000] {subprocess.py:106} INFO - raw saved: data/raw/JP_TYO/JP_TYO_20260511_195002.json (49034 bytes)
[2026-05-11T19:50:02.744+0000] {subprocess.py:106} INFO - config used: configs/variant_06.yml
[2026-05-11T19:50:02.745+0000] {subprocess.py:106} INFO - hourly rows from api: 696
[2026-05-11T19:50:02.745+0000] {subprocess.py:106} INFO - raw file ready: data/raw/JP_TYO/JP_TYO_20260511_195002.json
[2026-05-11T19:50:02.745+0000] {subprocess.py:106} INFO - state updated: data/state.json
[2026-05-11T19:50:02.833+0000] {subprocess.py:110} INFO - Command exited with return code 0
[2026-05-11T19:50:02.858+0000] {taskinstance.py:341} INFO - ::group::Post task execution logs
[2026-05-11T19:50:02.859+0000] {taskinstance.py:353} INFO - Marking task as SUCCESS. dag_id=etl_variant_06, task_id=extract, run_id=scheduled__2026-05-11T19:45:00+00:00, execution_date=20260511T194500, start_date=20260511T195000, end_date=20260511T195002
[2026-05-11T19:50:02.894+0000] {local_task_job_runner.py:266} INFO - Task exited with return code 0
[2026-05-11T19:50:02.921+0000] {taskinstance.py:3901} INFO - 1 downstream tasks scheduled from follow-on schedule check
[2026-05-11T19:50:02.923+0000] {local_task_job_runner.py:245} INFO - ::endgroup::
