[2026-05-11T19:35:16.892+0000] {local_task_job_runner.py:123} INFO - ::group::Pre task execution logs
[2026-05-11T19:35:16.913+0000] {taskinstance.py:2614} INFO - Dependencies all met for dep_context=non-requeueable deps ti=<TaskInstance: etl_variant_06.transform scheduled__2026-05-11T19:30:00+00:00 [queued]>
[2026-05-11T19:35:16.920+0000] {taskinstance.py:2614} INFO - Dependencies all met for dep_context=requeueable deps ti=<TaskInstance: etl_variant_06.transform scheduled__2026-05-11T19:30:00+00:00 [queued]>
[2026-05-11T19:35:16.921+0000] {taskinstance.py:2867} INFO - Starting attempt 1 of 1
[2026-05-11T19:35:16.935+0000] {taskinstance.py:2890} INFO - Executing <Task(BashOperator): transform> on 2026-05-11 19:30:00+00:00
[2026-05-11T19:35:16.942+0000] {warnings.py:112} WARNING - /home/airflow/.local/lib/python3.12/site-packages/airflow/task/task_runner/standard_task_runner.py:70: DeprecationWarning: This process (pid=225) is multi-threaded, use of fork() may lead to deadlocks in the child.
  pid = os.fork()

[2026-05-11T19:35:16.944+0000] {standard_task_runner.py:72} INFO - Started process 226 to run task
[2026-05-11T19:35:16.945+0000] {standard_task_runner.py:104} INFO - Running: ['airflow', 'tasks', 'run', 'etl_variant_06', 'transform', 'scheduled__2026-05-11T19:30:00+00:00', '--job-id', '16', '--raw', '--subdir', 'DAGS_FOLDER/etl_variant_06.py', '--cfg-path', '/tmp/tmp2369bj6t']
[2026-05-11T19:35:16.946+0000] {standard_task_runner.py:105} INFO - Job 16: Subtask transform
[2026-05-11T19:35:17.005+0000] {task_command.py:467} INFO - Running <TaskInstance: etl_variant_06.transform scheduled__2026-05-11T19:30:00+00:00 [running]> on host d1b991a5d492
[2026-05-11T19:35:17.095+0000] {taskinstance.py:3134} INFO - Exporting env vars: AIRFLOW_CTX_DAG_OWNER='airflow' AIRFLOW_CTX_DAG_ID='etl_variant_06' AIRFLOW_CTX_TASK_ID='transform' AIRFLOW_CTX_EXECUTION_DATE='2026-05-11T19:30:00+00:00' AIRFLOW_CTX_TRY_NUMBER='1' AIRFLOW_CTX_DAG_RUN_ID='scheduled__2026-05-11T19:30:00+00:00'
[2026-05-11T19:35:17.096+0000] {taskinstance.py:732} INFO - ::endgroup::
[2026-05-11T19:35:17.111+0000] {subprocess.py:78} INFO - Tmp dir root location: /tmp
[2026-05-11T19:35:17.112+0000] {subprocess.py:88} INFO - Running command: ['/usr/bin/bash', '-c', 'cd /opt/airflow/project && export PYTHONIOENCODING=UTF-8 && python src/etl_steps.py transform --config configs/variant_06.yml --mode full']
[2026-05-11T19:35:17.123+0000] {subprocess.py:99} INFO - Output:
[2026-05-11T19:35:18.736+0000] {subprocess.py:106} INFO - NORMALIZED обновлен
[2026-05-11T19:35:18.737+0000] {subprocess.py:106} INFO - MART обновлен
[2026-05-11T19:35:18.737+0000] {subprocess.py:106} INFO - config used: configs/variant_06.yml
[2026-05-11T19:35:18.737+0000] {subprocess.py:106} INFO - raw source: data/raw/JP_TYO/JP_TYO_20260511_193516.json
[2026-05-11T19:35:18.738+0000] {subprocess.py:106} INFO - normalized rows: 696
[2026-05-11T19:35:18.738+0000] {subprocess.py:106} INFO - mart rows: 29
[2026-05-11T19:35:18.738+0000] {subprocess.py:106} INFO - saved files: data/normalized/normalized.csv, data/mart/mart.csv
[2026-05-11T19:35:18.877+0000] {subprocess.py:110} INFO - Command exited with return code 0
[2026-05-11T19:35:18.909+0000] {taskinstance.py:341} INFO - ::group::Post task execution logs
[2026-05-11T19:35:18.910+0000] {taskinstance.py:353} INFO - Marking task as SUCCESS. dag_id=etl_variant_06, task_id=transform, run_id=scheduled__2026-05-11T19:30:00+00:00, execution_date=20260511T193000, start_date=20260511T193516, end_date=20260511T193518
[2026-05-11T19:35:18.964+0000] {local_task_job_runner.py:266} INFO - Task exited with return code 0
[2026-05-11T19:35:18.990+0000] {taskinstance.py:3901} INFO - 1 downstream tasks scheduled from follow-on schedule check
[2026-05-11T19:35:18.993+0000] {local_task_job_runner.py:245} INFO - ::endgroup::
