[2026-05-11T19:50:04.019+0000] {local_task_job_runner.py:123} INFO - ::group::Pre task execution logs
[2026-05-11T19:50:04.037+0000] {taskinstance.py:2614} INFO - Dependencies all met for dep_context=non-requeueable deps ti=<TaskInstance: etl_variant_06.transform scheduled__2026-05-11T19:45:00+00:00 [queued]>
[2026-05-11T19:50:04.044+0000] {taskinstance.py:2614} INFO - Dependencies all met for dep_context=requeueable deps ti=<TaskInstance: etl_variant_06.transform scheduled__2026-05-11T19:45:00+00:00 [queued]>
[2026-05-11T19:50:04.045+0000] {taskinstance.py:2867} INFO - Starting attempt 1 of 1
[2026-05-11T19:50:04.058+0000] {taskinstance.py:2890} INFO - Executing <Task(BashOperator): transform> on 2026-05-11 19:45:00+00:00
[2026-05-11T19:50:04.063+0000] {warnings.py:112} WARNING - /home/airflow/.local/lib/python3.12/site-packages/airflow/task/task_runner/standard_task_runner.py:70: DeprecationWarning: This process (pid=369) is multi-threaded, use of fork() may lead to deadlocks in the child.
  pid = os.fork()

[2026-05-11T19:50:04.064+0000] {standard_task_runner.py:104} INFO - Running: ['airflow', 'tasks', 'run', 'etl_variant_06', 'transform', 'scheduled__2026-05-11T19:45:00+00:00', '--job-id', '28', '--raw', '--subdir', 'DAGS_FOLDER/etl_variant_06.py', '--cfg-path', '/tmp/tmp3fl4yxux']
[2026-05-11T19:50:04.065+0000] {standard_task_runner.py:72} INFO - Started process 370 to run task
[2026-05-11T19:50:04.065+0000] {standard_task_runner.py:105} INFO - Job 28: Subtask transform
[2026-05-11T19:50:04.127+0000] {task_command.py:467} INFO - Running <TaskInstance: etl_variant_06.transform scheduled__2026-05-11T19:45:00+00:00 [running]> on host d1b991a5d492
[2026-05-11T19:50:04.220+0000] {taskinstance.py:3134} INFO - Exporting env vars: AIRFLOW_CTX_DAG_OWNER='airflow' AIRFLOW_CTX_DAG_ID='etl_variant_06' AIRFLOW_CTX_TASK_ID='transform' AIRFLOW_CTX_EXECUTION_DATE='2026-05-11T19:45:00+00:00' AIRFLOW_CTX_TRY_NUMBER='1' AIRFLOW_CTX_DAG_RUN_ID='scheduled__2026-05-11T19:45:00+00:00'
[2026-05-11T19:50:04.222+0000] {taskinstance.py:732} INFO - ::endgroup::
[2026-05-11T19:50:04.235+0000] {subprocess.py:78} INFO - Tmp dir root location: /tmp
[2026-05-11T19:50:04.236+0000] {subprocess.py:88} INFO - Running command: ['/usr/bin/bash', '-c', 'cd /opt/airflow/project && export PYTHONIOENCODING=UTF-8 && python src/etl_steps.py transform --config configs/variant_06.yml --mode full']
[2026-05-11T19:50:04.244+0000] {subprocess.py:99} INFO - Output:
[2026-05-11T19:50:05.574+0000] {subprocess.py:106} INFO - NORMALIZED обновлен
[2026-05-11T19:50:05.575+0000] {subprocess.py:106} INFO - MART обновлен
[2026-05-11T19:50:05.575+0000] {subprocess.py:106} INFO - config used: configs/variant_06.yml
[2026-05-11T19:50:05.576+0000] {subprocess.py:106} INFO - raw source: data/raw/JP_TYO/JP_TYO_20260511_195002.json
[2026-05-11T19:50:05.576+0000] {subprocess.py:106} INFO - normalized rows: 696
[2026-05-11T19:50:05.576+0000] {subprocess.py:106} INFO - mart rows: 29
[2026-05-11T19:50:05.577+0000] {subprocess.py:106} INFO - saved files: data/normalized/normalized.csv, data/mart/mart.csv
[2026-05-11T19:50:05.651+0000] {subprocess.py:110} INFO - Command exited with return code 0
[2026-05-11T19:50:05.676+0000] {taskinstance.py:341} INFO - ::group::Post task execution logs
[2026-05-11T19:50:05.676+0000] {taskinstance.py:353} INFO - Marking task as SUCCESS. dag_id=etl_variant_06, task_id=transform, run_id=scheduled__2026-05-11T19:45:00+00:00, execution_date=20260511T194500, start_date=20260511T195004, end_date=20260511T195005
[2026-05-11T19:50:05.744+0000] {local_task_job_runner.py:266} INFO - Task exited with return code 0
[2026-05-11T19:50:05.765+0000] {taskinstance.py:3901} INFO - 1 downstream tasks scheduled from follow-on schedule check
[2026-05-11T19:50:05.769+0000] {local_task_job_runner.py:245} INFO - ::endgroup::
