[2026-05-11T20:00:06.146+0000] {local_task_job_runner.py:123} INFO - ::group::Pre task execution logs
[2026-05-11T20:00:06.163+0000] {taskinstance.py:2614} INFO - Dependencies all met for dep_context=non-requeueable deps ti=<TaskInstance: etl_variant_06.load scheduled__2026-05-11T19:55:00+00:00 [queued]>
[2026-05-11T20:00:06.171+0000] {taskinstance.py:2614} INFO - Dependencies all met for dep_context=requeueable deps ti=<TaskInstance: etl_variant_06.load scheduled__2026-05-11T19:55:00+00:00 [queued]>
[2026-05-11T20:00:06.171+0000] {taskinstance.py:2867} INFO - Starting attempt 1 of 1
[2026-05-11T20:00:06.181+0000] {taskinstance.py:2890} INFO - Executing <Task(BashOperator): load> on 2026-05-11 19:55:00+00:00
[2026-05-11T20:00:06.186+0000] {warnings.py:112} WARNING - /home/airflow/.local/lib/python3.12/site-packages/airflow/task/task_runner/standard_task_runner.py:70: DeprecationWarning: This process (pid=477) is multi-threaded, use of fork() may lead to deadlocks in the child.
  pid = os.fork()

[2026-05-11T20:00:06.187+0000] {standard_task_runner.py:72} INFO - Started process 478 to run task
[2026-05-11T20:00:06.188+0000] {standard_task_runner.py:104} INFO - Running: ['airflow', 'tasks', 'run', 'etl_variant_06', 'load', 'scheduled__2026-05-11T19:55:00+00:00', '--job-id', '37', '--raw', '--subdir', 'DAGS_FOLDER/etl_variant_06.py', '--cfg-path', '/tmp/tmpejrb3pxb']
[2026-05-11T20:00:06.189+0000] {standard_task_runner.py:105} INFO - Job 37: Subtask load
[2026-05-11T20:00:06.237+0000] {task_command.py:467} INFO - Running <TaskInstance: etl_variant_06.load scheduled__2026-05-11T19:55:00+00:00 [running]> on host d1b991a5d492
[2026-05-11T20:00:06.307+0000] {taskinstance.py:3134} INFO - Exporting env vars: AIRFLOW_CTX_DAG_OWNER='airflow' AIRFLOW_CTX_DAG_ID='etl_variant_06' AIRFLOW_CTX_TASK_ID='load' AIRFLOW_CTX_EXECUTION_DATE='2026-05-11T19:55:00+00:00' AIRFLOW_CTX_TRY_NUMBER='1' AIRFLOW_CTX_DAG_RUN_ID='scheduled__2026-05-11T19:55:00+00:00'
[2026-05-11T20:00:06.308+0000] {taskinstance.py:732} INFO - ::endgroup::
[2026-05-11T20:00:06.319+0000] {subprocess.py:78} INFO - Tmp dir root location: /tmp
[2026-05-11T20:00:06.320+0000] {subprocess.py:88} INFO - Running command: ['/usr/bin/bash', '-c', 'cd /opt/airflow/project && export PYTHONIOENCODING=UTF-8 && python src/etl_steps.py load --config configs/variant_06.yml']
[2026-05-11T20:00:06.329+0000] {subprocess.py:99} INFO - Output:
[2026-05-11T20:00:07.548+0000] {subprocess.py:106} INFO - db host: postgres:5432
[2026-05-11T20:00:07.549+0000] {subprocess.py:106} INFO - table loaded: mart_variant_06
[2026-05-11T20:00:07.550+0000] {subprocess.py:106} INFO - loaded rows to postgres: 29
[2026-05-11T20:00:07.550+0000] {subprocess.py:106} INFO - config used: configs/variant_06.yml
[2026-05-11T20:00:07.550+0000] {subprocess.py:106} INFO - loaded rows to postgres: 29
[2026-05-11T20:00:07.634+0000] {subprocess.py:110} INFO - Command exited with return code 0
[2026-05-11T20:00:07.660+0000] {taskinstance.py:341} INFO - ::group::Post task execution logs
[2026-05-11T20:00:07.660+0000] {taskinstance.py:353} INFO - Marking task as SUCCESS. dag_id=etl_variant_06, task_id=load, run_id=scheduled__2026-05-11T19:55:00+00:00, execution_date=20260511T195500, start_date=20260511T200006, end_date=20260511T200007
[2026-05-11T20:00:07.729+0000] {local_task_job_runner.py:266} INFO - Task exited with return code 0
[2026-05-11T20:00:07.752+0000] {taskinstance.py:3901} INFO - 1 downstream tasks scheduled from follow-on schedule check
[2026-05-11T20:00:07.754+0000] {local_task_job_runner.py:245} INFO - ::endgroup::
